Uncaught SyntaxError: missing ) after argument list
    at new AsyncFunction (<anonymous>)
    at safeAsyncFunction (alpinejs.js?v=4f97b855:511:19)
    at generateFunctionFromString (alpinejs.js?v=4f97b855:524:14)
    at generateEvaluatorFromString (alpinejs.js?v=4f97b855:529:14)
    at normalEvaluator (alpinejs.js?v=4f97b855:487:109)
    at evaluateLater (alpinejs.js?v=4f97b855:473:10)
    at evaluate (alpinejs.js?v=4f97b855:469:3)
    at Function.<anonymous> (alpinejs.js?v=4f97b855:3062:15)
    at flushHandlers (alpinejs.js?v=4f97b855:653:46)
    at stopDeferring (alpinejs.js?v=4f97b855:658:5)
safeAsyncFunction @ alpinejs.js?v=4f97b855:511
generateFunctionFromString @ alpinejs.js?v=4f97b855:524
generateEvaluatorFromString @ alpinejs.js?v=4f97b855:529
normalEvaluator @ alpinejs.js?v=4f97b855:487
evaluateLater @ alpinejs.js?v=4f97b855:473
evaluate @ alpinejs.js?v=4f97b855:469
(anonymous) @ alpinejs.js?v=4f97b855:3062
flushHandlers @ alpinejs.js?v=4f97b855:653
stopDeferring @ alpinejs.js?v=4f97b855:658
deferHandlingDirectives @ alpinejs.js?v=4f97b855:661
initTree @ alpinejs.js?v=4f97b855:859
(anonymous) @ alpinejs.js?v=4f97b855:805
start @ alpinejs.js?v=4f97b855:804
(anonymous) @ app.js:6Understand this error
alpinejs.js?v=4f97b855:456 Uncaught ReferenceError: init is not defined
    at [Alpine] init() (eval at safeAsyncFunction (http://[::1]:5173/node_modules/.vite/deps/alpinejs.js?v=4f97b855:511:19), <anonymous>:3:16)
    at alpinejs.js?v=4f97b855:536:26
    at tryCatch (alpinejs.js?v=4f97b855:435:12)
    at evaluate (alpinejs.js?v=4f97b855:469:32)
    at alpinejs.js?v=4f97b855:2987:35
    at Function.<anonymous> (alpinejs.js?v=4f97b855:1289:55)
    at flushHandlers (alpinejs.js?v=4f97b855:653:46)
    at stopDeferring (alpinejs.js?v=4f97b855:658:5)
    at deferHandlingDirectives (alpinejs.js?v=4f97b855:661:3)
    at initTree (alpinejs.js?v=4f97b855:859:3)
[Alpine] init() @ VM8390:3
(anonymous) @ alpinejs.js?v=4f97b855:536
tryCatch @ alpinejs.js?v=4f97b855:435
evaluate @ alpinejs.js?v=4f97b855:469
(anonymous) @ alpinejs.js?v=4f97b855:2987
(anonymous) @ alpinejs.js?v=4f97b855:1289
flushHandlers @ alpinejs.js?v=4f97b855:653
stopDeferring @ alpinejs.js?v=4f97b855:658
deferHandlingDirectives @ alpinejs.js?v=4f97b855:661
initTree @ alpinejs.js?v=4f97b855:859
(anonymous) @ alpinejs.js?v=4f97b855:805
start @ alpinejs.js?v=4f97b855:804
(anonymous) @ app.js:6Understand this error
alpinejs.js?v=4f97b855:456 Uncaught ReferenceError: steps is not defined
    at [Alpine] steps (eval at safeAsyncFunction (alpinejs.js?v=4f97b855:511:19), <anonymous>:3:32)
    at alpinejs.js?v=4f97b855:536:26
    at tryCatch (alpinejs.js?v=4f97b855:435:12)
    at loop (alpinejs.js?v=4f97b855:3162:3)
    at alpinejs.js?v=4f97b855:3147:17
    at reactiveEffect (alpinejs.js?v=4f97b855:1825:16)
    at Object.effect2 [as effect] (alpinejs.js?v=4f97b855:1800:5)
    at effect (alpinejs.js?v=4f97b855:61:33)
    at wrappedEffect (alpinejs.js?v=4f97b855:77:27)
    at Function.<anonymous> (alpinejs.js?v=4f97b855:3147:3)
[Alpine] steps @ VM8391:3
(anonymous) @ alpinejs.js?v=4f97b855:536
tryCatch @ alpinejs.js?v=4f97b855:435
loop @ alpinejs.js?v=4f97b855:3162
(anonymous) @ alpinejs.js?v=4f97b855:3147
reactiveEffect @ alpinejs.js?v=4f97b855:1825
effect2 @ alpinejs.js?v=4f97b855:1800
effect @ alpinejs.js?v=4f97b855:61
wrappedEffect @ alpinejs.js?v=4f97b855:77
(anonymous) @ alpinejs.js?v=4f97b855:3147
flushHandlers @ alpinejs.js?v=4f97b855:653
stopDeferring @ alpinejs.js?v=4f97b855:658
deferHandlingDirectives @ alpinejs.js?v=4f97b855:661
initTree @ alpinejs.js?v=4f97b855:859
(anonymous) @ alpinejs.js?v=4f97b855:805
start @ alpinejs.js?v=4f97b855:804
(anonymous) @ app.js:6Understand this error
alpinejs.js?v=4f97b855:456 Uncaught ReferenceError: currentStep is not defined
    at [Alpine] currentStep === 0 (eval at safeAsyncFunction (alpinejs.js?v=4f97b855:511:19), <anonymous>:3:32)
    at alpinejs.js?v=4f97b855:536:26
    at tryCatch (alpinejs.js?v=4f97b855:435:12)
    at alpinejs.js?v=4f97b855:3127:17
    at reactiveEffect (alpinejs.js?v=4f97b855:1825:16)
    at Object.effect2 [as effect] (alpinejs.js?v=4f97b855:1800:5)
    at effect (alpinejs.js?v=4f97b855:61:33)
    at wrappedEffect (alpinejs.js?v=4f97b855:77:27)
    at Function.<anonymous> (alpinejs.js?v=4f97b855:3127:3)
    at flushHandlers (alpinejs.js?v=4f97b855:653:46)
[Alpine] currentStep === 0 @ VM8394:3
(anonymous) @ alpinejs.js?v=4f97b855:536
tryCatch @ alpinejs.js?v=4f97b855:435
(anonymous) @ alpinejs.js?v=4f97b855:3127
reactiveEffect @ alpinejs.js?v=4f97b855:1825
effect2 @ alpinejs.js?v=4f97b855:1800
effect @ alpinejs.js?v=4f97b855:61
wrappedEffect @ alpinejs.js?v=4f97b855:77
(anonymous) @ alpinejs.js?v=4f97b855:3127
flushHandlers @ alpinejs.js?v=4f97b855:653
stopDeferring @ alpinejs.js?v=4f97b855:658
deferHandlingDirectives @ alpinejs.js?v=4f97b855:661
initTree @ alpinejs.js?v=4f97b855:859
(anonymous) @ alpinejs.js?v=4f97b855:805
start @ alpinejs.js?v=4f97b855:804
(anonymous) @ app.js:6Understand this error
alpinejs.js?v=4f97b855:456 Uncaught ReferenceError: levelInfo is not defined
    at [Alpine] levelInfo.class (eval at safeAsyncFunction (alpinejs.js?v=4f97b855:511:19), <anonymous>:3:32)
    at alpinejs.js?v=4f97b855:536:26
    at tryCatch (alpinejs.js?v=4f97b855:435:12)
    at alpinejs.js?v=4f97b855:3031:17
    at reactiveEffect (alpinejs.js?v=4f97b855:1825:16)
    at Object.effect2 [as effect] (alpinejs.js?v=4f97b855:1800:5)
    at effect (alpinejs.js?v=4f97b855:61:33)
    at wrappedEffect (alpinejs.js?v=4f97b855:77:27)
    at handler2 (alpinejs.js?v=4f97b855:3031:3)
    at flushHandlers (alpinejs.js?v=4f97b855:653:46)
[Alpine] levelInfo.class @ VM8406:3
(anonymous) @ alpinejs.js?v=4f97b855:536
tryCatch @ alpinejs.js?v=4f97b855:435
(anonymous) @ alpinejs.js?v=4f97b855:3031
reactiveEffect @ alpinejs.js?v=4f97b855:1825
effect2 @ alpinejs.js?v=4f97b855:1800
effect @ alpinejs.js?v=4f97b855:61
wrappedEffect @ alpinejs.js?v=4f97b855:77
handler2 @ alpinejs.js?v=4f97b855:3031
flushHandlers @ alpinejs.js?v=4f97b855:653
stopDeferring @ alpinejs.js?v=4f97b855:658
deferHandlingDirectives @ alpinejs.js?v=4f97b855:661
initTree @ alpinejs.js?v=4f97b855:859
(anonymous) @ alpinejs.js?v=4f97b855:805
start @ alpinejs.js?v=4f97b855:804
(anonymous) @ app.js:6Understand this error
alpinejs.js?v=4f97b855:456 Uncaught ReferenceError: levelInfo is not defined
    at [Alpine] levelInfo.text (eval at safeAsyncFunction (alpinejs.js?v=4f97b855:511:19), <anonymous>:3:32)
    at alpinejs.js?v=4f97b855:536:26
    at tryCatch (alpinejs.js?v=4f97b855:435:12)
    at alpinejs.js?v=4f97b855:2994:5
    at reactiveEffect (alpinejs.js?v=4f97b855:1825:16)
    at Object.effect2 [as effect] (alpinejs.js?v=4f97b855:1800:5)
    at effect (alpinejs.js?v=4f97b855:61:33)
    at wrappedEffect (alpinejs.js?v=4f97b855:77:27)
    at Function.<anonymous> (alpinejs.js?v=4f97b855:2993:3)
    at flushHandlers (alpinejs.js?v=4f97b855:653:46)
[Alpine] levelInfo.text @ VM8407:3
(anonymous) @ alpinejs.js?v=4f97b855:536
tryCatch @ alpinejs.js?v=4f97b855:435
(anonymous) @ alpinejs.js?v=4f97b855:2994
reactiveEffect @ alpinejs.js?v=4f97b855:1825
effect2 @ alpinejs.js?v=4f97b855:1800
effect @ alpinejs.js?v=4f97b855:61
wrappedEffect @ alpinejs.js?v=4f97b855:77
(anonymous) @ alpinejs.js?v=4f97b855:2993
flushHandlers @ alpinejs.js?v=4f97b855:653
stopDeferring @ alpinejs.js?v=4f97b855:658
deferHandlingDirectives @ alpinejs.js?v=4f97b855:661
initTree @ alpinejs.js?v=4f97b855:859
(anonymous) @ alpinejs.js?v=4f97b855:805
start @ alpinejs.js?v=4f97b855:804
(anonymous) @ app.js:6Understand this error
alpinejs.js?v=4f97b855:456 Uncaught ReferenceError: currentStep is not defined
    at [Alpine] currentStep === 1 (eval at safeAsyncFunction (alpinejs.js?v=4f97b855:511:19), <anonymous>:3:32)
    at alpinejs.js?v=4f97b855:536:26
    at tryCatch (alpinejs.js?v=4f97b855:435:12)
    at alpinejs.js?v=4f97b855:3127:17
    at reactiveEffect (alpinejs.js?v=4f97b855:1825:16)
    at Object.effect2 [as effect] (alpinejs.js?v=4f97b855:1800:5)
    at effect (alpinejs.js?v=4f97b855:61:33)
    at wrappedEffect (alpinejs.js?v=4f97b855:77:27)
    at Function.<anonymous> (alpinejs.js?v=4f97b855:3127:3)
    at flushHandlers (alpinejs.js?v=4f97b855:653:46)
[Alpine] currentStep === 1 @ VM8423:3
(anonymous) @ alpinejs.js?v=4f97b855:536
tryCatch @ alpinejs.js?v=4f97b855:435
(anonymous) @ alpinejs.js?v=4f97b855:3127
reactiveEffect @ alpinejs.js?v=4f97b855:1825
effect2 @ alpinejs.js?v=4f97b855:1800
effect @ alpinejs.js?v=4f97b855:61
wrappedEffect @ alpinejs.js?v=4f97b855:77
(anonymous) @ alpinejs.js?v=4f97b855:3127
flushHandlers @ alpinejs.js?v=4f97b855:653
stopDeferring @ alpinejs.js?v=4f97b855:658
deferHandlingDirectives @ alpinejs.js?v=4f97b855:661
initTree @ alpinejs.js?v=4f97b855:859
(anonymous) @ alpinejs.js?v=4f97b855:805
start @ alpinejs.js?v=4f97b855:804
(anonymous) @ app.js:6Understand this error
alpinejs.js?v=4f97b855:456 Uncaught TypeError: Cannot read properties of undefined (reading 'th_hours')
    at [Alpine] form.teaching_scheme.th_hours (eval at safeAsyncFunction (alpinejs.js?v=4f97b855:511:19), <anonymous>:3:53)
    at alpinejs.js?v=4f97b855:536:26
    at tryCatch (alpinejs.js?v=4f97b855:435:12)
    at getValue (alpinejs.js?v=4f97b855:2817:5)
    at alpinejs.js?v=4f97b855:2908:17
    at reactiveEffect (alpinejs.js?v=4f97b855:1825:16)
    at Object.effect2 [as effect] (alpinejs.js?v=4f97b855:1800:5)
    at effect (alpinejs.js?v=4f97b855:61:33)
    at wrappedEffect (alpinejs.js?v=4f97b855:77:27)
    at Function.<anonymous> (alpinejs.js?v=4f97b855:2907:3)
[Alpine] form.teaching_scheme.th_hours @ VM8425:3
(anonymous) @ alpinejs.js?v=4f97b855:536
tryCatch @ alpinejs.js?v=4f97b855:435
getValue @ alpinejs.js?v=4f97b855:2817
(anonymous) @ alpinejs.js?v=4f97b855:2908
reactiveEffect @ alpinejs.js?v=4f97b855:1825
effect2 @ alpinejs.js?v=4f97b855:1800
effect @ alpinejs.js?v=4f97b855:61
wrappedEffect @ alpinejs.js?v=4f97b855:77
(anonymous) @ alpinejs.js?v=4f97b855:2907
flushHandlers @ alpinejs.js?v=4f97b855:653
stopDeferring @ alpinejs.js?v=4f97b855:658
deferHandlingDirectives @ alpinejs.js?v=4f97b855:661
initTree @ alpinejs.js?v=4f97b855:859
(anonymous) @ alpinejs.js?v=4f97b855:805
start @ alpinejs.js?v=4f97b855:804
(anonymous) @ app.js:6Understand this error
alpinejs.js?v=4f97b855:456 Uncaught TypeError: Cannot read properties of undefined (reading 'tu_hours')
    at [Alpine] form.teaching_scheme.tu_hours (eval at safeAsyncFunction (alpinejs.js?v=4f97b855:511:19), <anonymous>:3:53)
    at alpinejs.js?v=4f97b855:536:26
    at tryCatch (alpinejs.js?v=4f97b855:435:12)
    at getValue (alpinejs.js?v=4f97b855:2817:5)
    at alpinejs.js?v=4f97b855:2908:17
    at reactiveEffect (alpinejs.js?v=4f97b855:1825:16)
    at Object.effect2 [as effect] (alpinejs.js?v=4f97b855:1800:5)
    at effect (alpinejs.js?v=4f97b855:61:33)
    at wrappedEffect (alpinejs.js?v=4f97b855:77:27)
    at Function.<anonymous> (alpinejs.js?v=4f97b855:2907:3)
[Alpine] form.teaching_scheme.tu_hours @ VM8428:3
(anonymous) @ alpinejs.js?v=4f97b855:536
tryCatch @ alpinejs.js?v=4f97b855:435
getValue @ alpinejs.js?v=4f97b855:2817
(anonymous) @ alpinejs.js?v=4f97b855:2908
reactiveEffect @ alpinejs.js?v=4f97b855:1825
effect2 @ alpinejs.js?v=4f97b855:1800
effect @ alpinejs.js?v=4f97b855:61
wrappedEffect @ alpinejs.js?v=4f97b855:77
(anonymous) @ alpinejs.js?v=4f97b855:2907
flushHandlers @ alpinejs.js?v=4f97b855:653
stopDeferring @ alpinejs.js?v=4f97b855:658
deferHandlingDirectives @ alpinejs.js?v=4f97b855:661
initTree @ alpinejs.js?v=4f97b855:859
(anonymous) @ alpinejs.js?v=4f97b855:805
start @ alpinejs.js?v=4f97b855:804
(anonymous) @ app.js:6Understand this error
alpinejs.js?v=4f97b855:456 Uncaught TypeError: Cannot read properties of undefined (reading 'pr_hours')
    at [Alpine] form.teaching_scheme.pr_hours (eval at safeAsyncFunction (alpinejs.js?v=4f97b855:511:19), <anonymous>:3:53)
    at alpinejs.js?v=4f97b855:536:26
    at tryCatch (alpinejs.js?v=4f97b855:435:12)
    at getValue (alpinejs.js?v=4f97b855:2817:5)
    at alpinejs.js?v=4f97b855:2908:17
    at reactiveEffect (alpinejs.js?v=4f97b855:1825:16)
    at Object.effect2 [as effect] (alpinejs.js?v=4f97b855:1800:5)
    at effect (alpinejs.js?v=4f97b855:61:33)
    at wrappedEffect (alpinejs.js?v=4f97b855:77:27)
    at Function.<anonymous> (alpinejs.js?v=4f97b855:2907:3)
[Alpine] form.teaching_scheme.pr_hours @ VM8430:3
(anonymous) @ alpinejs.js?v=4f97b855:536
tryCatch @ alpinejs.js?v=4f97b855:435
getValue @ alpinejs.js?v=4f97b855:2817
(anonymous) @ alpinejs.js?v=4f97b855:2908
reactiveEffect @ alpinejs.js?v=4f97b855:1825
effect2 @ alpinejs.js?v=4f97b855:1800
effect @ alpinejs.js?v=4f97b855:61
wrappedEffect @ alpinejs.js?v=4f97b855:77
(anonymous) @ alpinejs.js?v=4f97b855:2907
flushHandlers @ alpinejs.js?v=4f97b855:653
stopDeferring @ alpinejs.js?v=4f97b855:658
deferHandlingDirectives @ alpinejs.js?v=4f97b855:661
initTree @ alpinejs.js?v=4f97b855:859
(anonymous) @ alpinejs.js?v=4f97b855:805
start @ alpinejs.js?v=4f97b855:804
(anonymous) @ app.js:6Understand this error
alpinejs.js?v=4f97b855:456 Uncaught TypeError: Cannot read properties of undefined (reading 'total_hours')
    at [Alpine] form.teaching_scheme.total_hours (eval at safeAsyncFunction (alpinejs.js?v=4f97b855:511:19), <anonymous>:3:53)
    at alpinejs.js?v=4f97b855:536:26
    at tryCatch (alpinejs.js?v=4f97b855:435:12)
    at getValue (alpinejs.js?v=4f97b855:2817:5)
    at alpinejs.js?v=4f97b855:2908:17
    at reactiveEffect (alpinejs.js?v=4f97b855:1825:16)
    at Object.effect2 [as effect] (alpinejs.js?v=4f97b855:1800:5)
    at effect (alpinejs.js?v=4f97b855:61:33)
    at wrappedEffect (alpinejs.js?v=4f97b855:77:27)
    at Function.<anonymous> (alpinejs.js?v=4f97b855:2907:3)
[Alpine] form.teaching_scheme.total_hours @ VM8432:3
(anonymous) @ alpinejs.js?v=4f97b855:536
tryCatch @ alpinejs.js?v=4f97b855:435
getValue @ alpinejs.js?v=4f97b855:2817
(anonymous) @ alpinejs.js?v=4f97b855:2908
reactiveEffect @ alpinejs.js?v=4f97b855:1825
effect2 @ alpinejs.js?v=4f97b855:1800
effect @ alpinejs.js?v=4f97b855:61
wrappedEffect @ alpinejs.js?v=4f97b855:77
(anonymous) @ alpinejs.js?v=4f97b855:2907
flushHandlers @ alpinejs.js?v=4f97b855:653
stopDeferring @ alpinejs.js?v=4f97b855:658
deferHandlingDirectives @ alpinejs.js?v=4f97b855:661
initTree @ alpinejs.js?v=4f97b855:859
(anonymous) @ alpinejs.js?v=4f97b855:805
start @ alpinejs.js?v=4f97b855:804
(anonymous) @ app.js:6Understand this error
alpinejs.js?v=4f97b855:456 Uncaught TypeError: Cannot read properties of undefined (reading 'credits')
    at [Alpine] form.teaching_scheme.credits (eval at safeAsyncFunction (alpinejs.js?v=4f97b855:511:19), <anonymous>:3:53)
    at alpinejs.js?v=4f97b855:536:26
    at tryCatch (alpinejs.js?v=4f97b855:435:12)
    at getValue (alpinejs.js?v=4f97b855:2817:5)
    at alpinejs.js?v=4f97b855:2908:17
    at reactiveEffect (alpinejs.js?v=4f97b855:1825:16)
    at Object.effect2 [as effect] (alpinejs.js?v=4f97b855:1800:5)
    at effect (alpinejs.js?v=4f97b855:61:33)
    at wrappedEffect (alpinejs.js?v=4f97b855:77:27)
    at Function.<anonymous> (alpinejs.js?v=4f97b855:2907:3)
[Alpine] form.teaching_scheme.credits @ VM8434:3
(anonymous) @ alpinejs.js?v=4f97b855:536
tryCatch @ alpinejs.js?v=4f97b855:435
getValue @ alpinejs.js?v=4f97b855:2817
(anonymous) @ alpinejs.js?v=4f97b855:2908
reactiveEffect @ alpinejs.js?v=4f97b855:1825
effect2 @ alpinejs.js?v=4f97b855:1800
effect @ alpinejs.js?v=4f97b855:61
wrappedEffect @ alpinejs.js?v=4f97b855:77
(anonymous) @ alpinejs.js?v=4f97b855:2907
flushHandlers @ alpinejs.js?v=4f97b855:653
stopDeferring @ alpinejs.js?v=4f97b855:658
deferHandlingDirectives @ alpinejs.js?v=4f97b855:661
initTree @ alpinejs.js?v=4f97b855:859
(anonymous) @ alpinejs.js?v=4f97b855:805
start @ alpinejs.js?v=4f97b855:804
(anonymous) @ app.js:6Understand this error
alpinejs.js?v=4f97b855:456 Uncaught TypeError: Cannot read properties of undefined (reading 'slh_hours')
    at [Alpine] form.teaching_scheme.slh_hours (eval at safeAsyncFunction (alpinejs.js?v=4f97b855:511:19), <anonymous>:3:53)
    at alpinejs.js?v=4f97b855:536:26
    at tryCatch (alpinejs.js?v=4f97b855:435:12)
    at getValue (alpinejs.js?v=4f97b855:2817:5)
    at alpinejs.js?v=4f97b855:2908:17
    at reactiveEffect (alpinejs.js?v=4f97b855:1825:16)
    at Object.effect2 [as effect] (alpinejs.js?v=4f97b855:1800:5)
    at effect (alpinejs.js?v=4f97b855:61:33)
    at wrappedEffect (alpinejs.js?v=4f97b855:77:27)
    at Function.<anonymous> (alpinejs.js?v=4f97b855:2907:3)
[Alpine] form.teaching_scheme.slh_hours @ VM8436:3
(anonymous) @ alpinejs.js?v=4f97b855:536
tryCatch @ alpinejs.js?v=4f97b855:435
getValue @ alpinejs.js?v=4f97b855:2817
(anonymous) @ alpinejs.js?v=4f97b855:2908
reactiveEffect @ alpinejs.js?v=4f97b855:1825
effect2 @ alpinejs.js?v=4f97b855:1800
effect @ alpinejs.js?v=4f97b855:61
wrappedEffect @ alpinejs.js?v=4f97b855:77
(anonymous) @ alpinejs.js?v=4f97b855:2907
flushHandlers @ alpinejs.js?v=4f97b855:653
stopDeferring @ alpinejs.js?v=4f97b855:658
deferHandlingDirectives @ alpinejs.js?v=4f97b855:661
initTree @ alpinejs.js?v=4f97b855:859
(anonymous) @ alpinejs.js?v=4f97b855:805
start @ alpinejs.js?v=4f97b855:804
(anonymous) @ app.js:6Understand this error
alpinejs.js?v=4f97b855:456 Uncaught TypeError: Cannot read properties of undefined (reading 'nlh_hours')
    at [Alpine] form.teaching_scheme.nlh_hours (eval at safeAsyncFunction (alpinejs.js?v=4f97b855:511:19), <anonymous>:3:53)
    at alpinejs.js?v=4f97b855:536:26
    at tryCatch (alpinejs.js?v=4f97b855:435:12)
    at getValue (alpinejs.js?v=4f97b855:2817:5)
    at alpinejs.js?v=4f97b855:2908:17
    at reactiveEffect (alpinejs.js?v=4f97b855:1825:16)
    at Object.effect2 [as effect] (alpinejs.js?v=4f97b855:1800:5)
    at effect (alpinejs.js?v=4f97b855:61:33)
    at wrappedEffect (alpinejs.js?v=4f97b855:77:27)
    at Function.<anonymous> (alpinejs.js?v=4f97b855:2907:3)
[Alpine] form.teaching_scheme.nlh_hours @ VM8438:3
(anonymous) @ alpinejs.js?v=4f97b855:536
tryCatch @ alpinejs.js?v=4f97b855:435
getValue @ alpinejs.js?v=4f97b855:2817
(anonymous) @ alpinejs.js?v=4f97b855:2908
reactiveEffect @ alpinejs.js?v=4f97b855:1825
effect2 @ alpinejs.js?v=4f97b855:1800
effect @ alpinejs.js?v=4f97b855:61
wrappedEffect @ alpinejs.js?v=4f97b855:77
(anonymous) @ alpinejs.js?v=4f97b855:2907
flushHandlers @ alpinejs.js?v=4f97b855:653
stopDeferring @ alpinejs.js?v=4f97b855:658
deferHandlingDirectives @ alpinejs.js?v=4f97b855:661
initTree @ alpinejs.js?v=4f97b855:859
(anonymous) @ alpinejs.js?v=4f97b855:805
start @ alpinejs.js?v=4f97b855:804
(anonymous) @ app.js:6Understand this error
alpinejs.js?v=4f97b855:456 Uncaught TypeError: Cannot read properties of undefined (reading 'fa_th_max')
    at [Alpine] form.examination_scheme.fa_th_max (eval at safeAsyncFunction (alpinejs.js?v=4f97b855:511:19), <anonymous>:3:56)
    at alpinejs.js?v=4f97b855:536:26
    at tryCatch (alpinejs.js?v=4f97b855:435:12)
    at getValue (alpinejs.js?v=4f97b855:2817:5)
    at alpinejs.js?v=4f97b855:2908:17
    at reactiveEffect (alpinejs.js?v=4f97b855:1825:16)
    at Object.effect2 [as effect] (alpinejs.js?v=4f97b855:1800:5)
    at effect (alpinejs.js?v=4f97b855:61:33)
    at wrappedEffect (alpinejs.js?v=4f97b855:77:27)
    at Function.<anonymous> (alpinejs.js?v=4f97b855:2907:3)
[Alpine] form.examination_scheme.fa_th_max @ VM8440:3
(anonymous) @ alpinejs.js?v=4f97b855:536
tryCatch @ alpinejs.js?v=4f97b855:435
getValue @ alpinejs.js?v=4f97b855:2817
(anonymous) @ alpinejs.js?v=4f97b855:2908
reactiveEffect @ alpinejs.js?v=4f97b855:1825
effect2 @ alpinejs.js?v=4f97b855:1800
effect @ alpinejs.js?v=4f97b855:61
wrappedEffect @ alpinejs.js?v=4f97b855:77
(anonymous) @ alpinejs.js?v=4f97b855:2907
flushHandlers @ alpinejs.js?v=4f97b855:653
stopDeferring @ alpinejs.js?v=4f97b855:658
deferHandlingDirectives @ alpinejs.js?v=4f97b855:661
initTree @ alpinejs.js?v=4f97b855:859
(anonymous) @ alpinejs.js?v=4f97b855:805
start @ alpinejs.js?v=4f97b855:804
(anonymous) @ app.js:6Understand this error
alpinejs.js?v=4f97b855:456 Uncaught TypeError: Cannot read properties of undefined (reading 'fa_th_min')
    at [Alpine] form.examination_scheme.fa_th_min (eval at safeAsyncFunction (alpinejs.js?v=4f97b855:511:19), <anonymous>:3:56)
    at alpinejs.js?v=4f97b855:536:26
    at tryCatch (alpinejs.js?v=4f97b855:435:12)
    at getValue (alpinejs.js?v=4f97b855:2817:5)
    at alpinejs.js?v=4f97b855:2908:17
    at reactiveEffect (alpinejs.js?v=4f97b855:1825:16)
    at Object.effect2 [as effect] (alpinejs.js?v=4f97b855:1800:5)
    at effect (alpinejs.js?v=4f97b855:61:33)
    at wrappedEffect (alpinejs.js?v=4f97b855:77:27)
    at Function.<anonymous> (alpinejs.js?v=4f97b855:2907:3)
[Alpine] form.examination_scheme.fa_th_min @ VM8442:3
(anonymous) @ alpinejs.js?v=4f97b855:536
tryCatch @ alpinejs.js?v=4f97b855:435
getValue @ alpinejs.js?v=4f97b855:2817
(anonymous) @ alpinejs.js?v=4f97b855:2908
reactiveEffect @ alpinejs.js?v=4f97b855:1825
effect2 @ alpinejs.js?v=4f97b855:1800
effect @ alpinejs.js?v=4f97b855:61
wrappedEffect @ alpinejs.js?v=4f97b855:77
(anonymous) @ alpinejs.js?v=4f97b855:2907
flushHandlers @ alpinejs.js?v=4f97b855:653
stopDeferring @ alpinejs.js?v=4f97b855:658
deferHandlingDirectives @ alpinejs.js?v=4f97b855:661
initTree @ alpinejs.js?v=4f97b855:859
(anonymous) @ alpinejs.js?v=4f97b855:805
start @ alpinejs.js?v=4f97b855:804
(anonymous) @ app.js:6Understand this error
alpinejs.js?v=4f97b855:456 Uncaught TypeError: Cannot read properties of undefined (reading 'sa_th_max')
    at [Alpine] form.examination_scheme.sa_th_max (eval at safeAsyncFunction (alpinejs.js?v=4f97b855:511:19), <anonymous>:3:56)
    at alpinejs.js?v=4f97b855:536:26
    at tryCatch (alpinejs.js?v=4f97b855:435:12)
    at getValue (alpinejs.js?v=4f97b855:2817:5)
    at alpinejs.js?v=4f97b855:2908:17
    at reactiveEffect (alpinejs.js?v=4f97b855:1825:16)
    at Object.effect2 [as effect] (alpinejs.js?v=4f97b855:1800:5)
    at effect (alpinejs.js?v=4f97b855:61:33)
    at wrappedEffect (alpinejs.js?v=4f97b855:77:27)
    at Function.<anonymous> (alpinejs.js?v=4f97b855:2907:3)
[Alpine] form.examination_scheme.sa_th_max @ VM8444:3
(anonymous) @ alpinejs.js?v=4f97b855:536
tryCatch @ alpinejs.js?v=4f97b855:435
getValue @ alpinejs.js?v=4f97b855:2817
(anonymous) @ alpinejs.js?v=4f97b855:2908
reactiveEffect @ alpinejs.js?v=4f97b855:1825
effect2 @ alpinejs.js?v=4f97b855:1800
effect @ alpinejs.js?v=4f97b855:61
wrappedEffect @ alpinejs.js?v=4f97b855:77
(anonymous) @ alpinejs.js?v=4f97b855:2907
flushHandlers @ alpinejs.js?v=4f97b855:653
stopDeferring @ alpinejs.js?v=4f97b855:658
deferHandlingDirectives @ alpinejs.js?v=4f97b855:661
initTree @ alpinejs.js?v=4f97b855:859
(anonymous) @ alpinejs.js?v=4f97b855:805
start @ alpinejs.js?v=4f97b855:804
(anonymous) @ app.js:6Understand this error
alpinejs.js?v=4f97b855:456 Uncaught TypeError: Cannot read properties of undefined (reading 'sa_th_min')
    at [Alpine] form.examination_scheme.sa_th_min (eval at safeAsyncFunction (alpinejs.js?v=4f97b855:511:19), <anonymous>:3:56)
    at alpinejs.js?v=4f97b855:536:26
    at tryCatch (alpinejs.js?v=4f97b855:435:12)
    at getValue (alpinejs.js?v=4f97b855:2817:5)
    at alpinejs.js?v=4f97b855:2908:17
    at reactiveEffect (alpinejs.js?v=4f97b855:1825:16)
    at Object.effect2 [as effect] (alpinejs.js?v=4f97b855:1800:5)
    at effect (alpinejs.js?v=4f97b855:61:33)
    at wrappedEffect (alpinejs.js?v=4f97b855:77:27)
    at Function.<anonymous> (alpinejs.js?v=4f97b855:2907:3)
[Alpine] form.examination_scheme.sa_th_min @ VM8446:3
(anonymous) @ alpinejs.js?v=4f97b855:536
tryCatch @ alpinejs.js?v=4f97b855:435
getValue @ alpinejs.js?v=4f97b855:2817
(anonymous) @ alpinejs.js?v=4f97b855:2908
reactiveEffect @ alpinejs.js?v=4f97b855:1825
effect2 @ alpinejs.js?v=4f97b855:1800
effect @ alpinejs.js?v=4f97b855:61
wrappedEffect @ alpinejs.js?v=4f97b855:77
(anonymous) @ alpinejs.js?v=4f97b855:2907
flushHandlers @ alpinejs.js?v=4f97b855:653
stopDeferring @ alpinejs.js?v=4f97b855:658
deferHandlingDirectives @ alpinejs.js?v=4f97b855:661
initTree @ alpinejs.js?v=4f97b855:859
(anonymous) @ alpinejs.js?v=4f97b855:805
start @ alpinejs.js?v=4f97b855:804
(anonymous) @ app.js:6Understand this error
alpinejs.js?v=4f97b855:456 Uncaught TypeError: Cannot read properties of undefined (reading 'pr_hours')
    at [Alpine] form.teaching_scheme.pr_hours > 0 (eval at safeAsyncFunction (alpinejs.js?v=4f97b855:511:19), <anonymous>:3:53)
    at alpinejs.js?v=4f97b855:536:26
    at tryCatch (alpinejs.js?v=4f97b855:435:12)
    at alpinejs.js?v=4f97b855:3127:17
    at reactiveEffect (alpinejs.js?v=4f97b855:1825:16)
    at Object.effect2 [as effect] (alpinejs.js?v=4f97b855:1800:5)
    at effect (alpinejs.js?v=4f97b855:61:33)
    at wrappedEffect (alpinejs.js?v=4f97b855:77:27)
    at Function.<anonymous> (alpinejs.js?v=4f97b855:3127:3)
    at flushHandlers (alpinejs.js?v=4f97b855:653:46)
[Alpine] form.teaching_scheme.pr_hours > 0 @ VM8448:3
(anonymous) @ alpinejs.js?v=4f97b855:536
tryCatch @ alpinejs.js?v=4f97b855:435
(anonymous) @ alpinejs.js?v=4f97b855:3127
reactiveEffect @ alpinejs.js?v=4f97b855:1825
effect2 @ alpinejs.js?v=4f97b855:1800
effect @ alpinejs.js?v=4f97b855:61
wrappedEffect @ alpinejs.js?v=4f97b855:77
(anonymous) @ alpinejs.js?v=4f97b855:3127
flushHandlers @ alpinejs.js?v=4f97b855:653
stopDeferring @ alpinejs.js?v=4f97b855:658
deferHandlingDirectives @ alpinejs.js?v=4f97b855:661
initTree @ alpinejs.js?v=4f97b855:859
(anonymous) @ alpinejs.js?v=4f97b855:805
start @ alpinejs.js?v=4f97b855:804
(anonymous) @ app.js:6Understand this error
alpinejs.js?v=4f97b855:456 Uncaught TypeError: Cannot read properties of undefined (reading 'sa_pr_max')
    at [Alpine] form.examination_scheme.sa_pr_max (eval at safeAsyncFunction (alpinejs.js?v=4f97b855:511:19), <anonymous>:3:56)
    at alpinejs.js?v=4f97b855:536:26
    at tryCatch (alpinejs.js?v=4f97b855:435:12)
    at getValue (alpinejs.js?v=4f97b855:2817:5)
    at alpinejs.js?v=4f97b855:2908:17
    at reactiveEffect (alpinejs.js?v=4f97b855:1825:16)
    at Object.effect2 [as effect] (alpinejs.js?v=4f97b855:1800:5)
    at effect (alpinejs.js?v=4f97b855:61:33)
    at wrappedEffect (alpinejs.js?v=4f97b855:77:27)
    at Function.<anonymous> (alpinejs.js?v=4f97b855:2907:3)
[Alpine] form.examination_scheme.sa_pr_max @ VM8449:3
(anonymous) @ alpinejs.js?v=4f97b855:536
tryCatch @ alpinejs.js?v=4f97b855:435
getValue @ alpinejs.js?v=4f97b855:2817
(anonymous) @ alpinejs.js?v=4f97b855:2908
reactiveEffect @ alpinejs.js?v=4f97b855:1825
effect2 @ alpinejs.js?v=4f97b855:1800
effect @ alpinejs.js?v=4f97b855:61
wrappedEffect @ alpinejs.js?v=4f97b855:77
(anonymous) @ alpinejs.js?v=4f97b855:2907
flushHandlers @ alpinejs.js?v=4f97b855:653
stopDeferring @ alpinejs.js?v=4f97b855:658
deferHandlingDirectives @ alpinejs.js?v=4f97b855:661
initTree @ alpinejs.js?v=4f97b855:859
(anonymous) @ alpinejs.js?v=4f97b855:805
start @ alpinejs.js?v=4f97b855:804
(anonymous) @ app.js:6Understand this error
alpinejs.js?v=4f97b855:456 Uncaught TypeError: Cannot read properties of undefined (reading 'sa_pr_min')
    at [Alpine] form.examination_scheme.sa_pr_min (eval at safeAsyncFunction (alpinejs.js?v=4f97b855:511:19), <anonymous>:3:56)
    at alpinejs.js?v=4f97b855:536:26
    at tryCatch (alpinejs.js?v=4f97b855:435:12)
    at getValue (alpinejs.js?v=4f97b855:2817:5)
    at alpinejs.js?v=4f97b855:2908:17
    at reactiveEffect (alpinejs.js?v=4f97b855:1825:16)
    at Object.effect2 [as effect] (alpinejs.js?v=4f97b855:1800:5)
    at effect (alpinejs.js?v=4f97b855:61:33)
    at wrappedEffect (alpinejs.js?v=4f97b855:77:27)
    at Function.<anonymous> (alpinejs.js?v=4f97b855:2907:3)
[Alpine] form.examination_scheme.sa_pr_min @ VM8451:3
(anonymous) @ alpinejs.js?v=4f97b855:536
tryCatch @ alpinejs.js?v=4f97b855:435
getValue @ alpinejs.js?v=4f97b855:2817
(anonymous) @ alpinejs.js?v=4f97b855:2908
reactiveEffect @ alpinejs.js?v=4f97b855:1825
effect2 @ alpinejs.js?v=4f97b855:1800
effect @ alpinejs.js?v=4f97b855:61
wrappedEffect @ alpinejs.js?v=4f97b855:77
(anonymous) @ alpinejs.js?v=4f97b855:2907
flushHandlers @ alpinejs.js?v=4f97b855:653
stopDeferring @ alpinejs.js?v=4f97b855:658
deferHandlingDirectives @ alpinejs.js?v=4f97b855:661
initTree @ alpinejs.js?v=4f97b855:859
(anonymous) @ alpinejs.js?v=4f97b855:805
start @ alpinejs.js?v=4f97b855:804
(anonymous) @ app.js:6Understand this error
alpinejs.js?v=4f97b855:456 Uncaught TypeError: Cannot read properties of undefined (reading 'paper_duration')
    at [Alpine] form.examination_scheme.paper_duration (eval at safeAsyncFunction (alpinejs.js?v=4f97b855:511:19), <anonymous>:3:56)
    at alpinejs.js?v=4f97b855:536:26
    at tryCatch (alpinejs.js?v=4f97b855:435:12)
    at getValue (alpinejs.js?v=4f97b855:2817:5)
    at alpinejs.js?v=4f97b855:2908:17
    at reactiveEffect (alpinejs.js?v=4f97b855:1825:16)
    at Object.effect2 [as effect] (alpinejs.js?v=4f97b855:1800:5)
    at effect (alpinejs.js?v=4f97b855:61:33)
    at wrappedEffect (alpinejs.js?v=4f97b855:77:27)
    at Function.<anonymous> (alpinejs.js?v=4f97b855:2907:3)
[Alpine] form.examination_scheme.paper_duration @ VM8453:3
(anonymous) @ alpinejs.js?v=4f97b855:536
tryCatch @ alpinejs.js?v=4f97b855:435
getValue @ alpinejs.js?v=4f97b855:2817
(anonymous) @ alpinejs.js?v=4f97b855:2908
reactiveEffect @ alpinejs.js?v=4f97b855:1825
effect2 @ alpinejs.js?v=4f97b855:1800
effect @ alpinejs.js?v=4f97b855:61
wrappedEffect @ alpinejs.js?v=4f97b855:77
(anonymous) @ alpinejs.js?v=4f97b855:2907
flushHandlers @ alpinejs.js?v=4f97b855:653
stopDeferring @ alpinejs.js?v=4f97b855:658
deferHandlingDirectives @ alpinejs.js?v=4f97b855:661
initTree @ alpinejs.js?v=4f97b855:859
(anonymous) @ alpinejs.js?v=4f97b855:805
start @ alpinejs.js?v=4f97b855:804
(anonymous) @ app.js:6Understand this error
alpinejs.js?v=4f97b855:456 Uncaught TypeError: Cannot read properties of undefined (reading 'tw_marks')
    at [Alpine] form.examination_scheme.tw_marks (eval at safeAsyncFunction (alpinejs.js?v=4f97b855:511:19), <anonymous>:3:56)
    at alpinejs.js?v=4f97b855:536:26
    at tryCatch (alpinejs.js?v=4f97b855:435:12)
    at getValue (alpinejs.js?v=4f97b855:2817:5)
    at alpinejs.js?v=4f97b855:2908:17
    at reactiveEffect (alpinejs.js?v=4f97b855:1825:16)
    at Object.effect2 [as effect] (alpinejs.js?v=4f97b855:1800:5)
    at effect (alpinejs.js?v=4f97b855:61:33)
    at wrappedEffect (alpinejs.js?v=4f97b855:77:27)
    at Function.<anonymous> (alpinejs.js?v=4f97b855:2907:3)
[Alpine] form.examination_scheme.tw_marks @ VM8455:3
(anonymous) @ alpinejs.js?v=4f97b855:536
tryCatch @ alpinejs.js?v=4f97b855:435
getValue @ alpinejs.js?v=4f97b855:2817
(anonymous) @ alpinejs.js?v=4f97b855:2908
reactiveEffect @ alpinejs.js?v=4f97b855:1825
effect2 @ alpinejs.js?v=4f97b855:1800
effect @ alpinejs.js?v=4f97b855:61
wrappedEffect @ alpinejs.js?v=4f97b855:77
(anonymous) @ alpinejs.js?v=4f97b855:2907
flushHandlers @ alpinejs.js?v=4f97b855:653
stopDeferring @ alpinejs.js?v=4f97b855:658
deferHandlingDirectives @ alpinejs.js?v=4f97b855:661
initTree @ alpinejs.js?v=4f97b855:859
(anonymous) @ alpinejs.js?v=4f97b855:805
start @ alpinejs.js?v=4f97b855:804
(anonymous) @ app.js:6Understand this error
alpinejs.js?v=4f97b855:456 Uncaught TypeError: Cannot read properties of undefined (reading 'is_internal_practical')
    at [Alpine] form.examination_scheme.is_internal_practical (eval at safeAsyncFunction (alpinejs.js?v=4f97b855:511:19), <anonymous>:3:56)
    at alpinejs.js?v=4f97b855:536:26
    at tryCatch (alpinejs.js?v=4f97b855:435:12)
    at getValue (alpinejs.js?v=4f97b855:2817:5)
    at alpinejs.js?v=4f97b855:2908:17
    at reactiveEffect (alpinejs.js?v=4f97b855:1825:16)
    at Object.effect2 [as effect] (alpinejs.js?v=4f97b855:1800:5)
    at effect (alpinejs.js?v=4f97b855:61:33)
    at wrappedEffect (alpinejs.js?v=4f97b855:77:27)
    at Function.<anonymous> (alpinejs.js?v=4f97b855:2907:3)
[Alpine] form.examination_scheme.is_internal_practical @ VM8457:3
(anonymous) @ alpinejs.js?v=4f97b855:536
tryCatch @ alpinejs.js?v=4f97b855:435
getValue @ alpinejs.js?v=4f97b855:2817
(anonymous) @ alpinejs.js?v=4f97b855:2908
reactiveEffect @ alpinejs.js?v=4f97b855:1825
effect2 @ alpinejs.js?v=4f97b855:1800
effect @ alpinejs.js?v=4f97b855:61
wrappedEffect @ alpinejs.js?v=4f97b855:77
(anonymous) @ alpinejs.js?v=4f97b855:2907
flushHandlers @ alpinejs.js?v=4f97b855:653
stopDeferring @ alpinejs.js?v=4f97b855:658
deferHandlingDirectives @ alpinejs.js?v=4f97b855:661
initTree @ alpinejs.js?v=4f97b855:859
(anonymous) @ alpinejs.js?v=4f97b855:805
start @ alpinejs.js?v=4f97b855:804
(anonymous) @ app.js:6Understand this error
alpinejs.js?v=4f97b855:456 Uncaught ReferenceError: calculateTotalMarks is not defined
    at [Alpine] calculateTotalMarks() (eval at safeAsyncFunction (http://[::1]:5173/node_modules/.vite/deps/alpinejs.js?v=4f97b855:511:19), <anonymous>:3:16)
    at alpinejs.js?v=4f97b855:536:26
    at tryCatch (alpinejs.js?v=4f97b855:435:12)
    at alpinejs.js?v=4f97b855:2994:5
    at reactiveEffect (alpinejs.js?v=4f97b855:1825:16)
    at Object.effect2 [as effect] (alpinejs.js?v=4f97b855:1800:5)
    at effect (alpinejs.js?v=4f97b855:61:33)
    at wrappedEffect (alpinejs.js?v=4f97b855:77:27)
    at Function.<anonymous> (alpinejs.js?v=4f97b855:2993:3)
    at flushHandlers (alpinejs.js?v=4f97b855:653:46)
[Alpine] calculateTotalMarks() @ VM8459:3
(anonymous) @ alpinejs.js?v=4f97b855:536
tryCatch @ alpinejs.js?v=4f97b855:435
(anonymous) @ alpinejs.js?v=4f97b855:2994
reactiveEffect @ alpinejs.js?v=4f97b855:1825
effect2 @ alpinejs.js?v=4f97b855:1800
effect @ alpinejs.js?v=4f97b855:61
wrappedEffect @ alpinejs.js?v=4f97b855:77
(anonymous) @ alpinejs.js?v=4f97b855:2993
flushHandlers @ alpinejs.js?v=4f97b855:653
stopDeferring @ alpinejs.js?v=4f97b855:658
deferHandlingDirectives @ alpinejs.js?v=4f97b855:661
initTree @ alpinejs.js?v=4f97b855:859
(anonymous) @ alpinejs.js?v=4f97b855:805
start @ alpinejs.js?v=4f97b855:804
(anonymous) @ app.js:6Understand this error
alpinejs.js?v=4f97b855:456 Uncaught ReferenceError: currentStep is not defined
    at [Alpine] currentStep === 2 (eval at safeAsyncFunction (alpinejs.js?v=4f97b855:511:19), <anonymous>:3:32)
    at alpinejs.js?v=4f97b855:536:26
    at tryCatch (alpinejs.js?v=4f97b855:435:12)
    at alpinejs.js?v=4f97b855:3127:17
    at reactiveEffect (alpinejs.js?v=4f97b855:1825:16)
    at Object.effect2 [as effect] (alpinejs.js?v=4f97b855:1800:5)
    at effect (alpinejs.js?v=4f97b855:61:33)
    at wrappedEffect (alpinejs.js?v=4f97b855:77:27)
    at Function.<anonymous> (alpinejs.js?v=4f97b855:3127:3)
    at flushHandlers (alpinejs.js?v=4f97b855:653:46)
[Alpine] currentStep === 2 @ VM8460:3
(anonymous) @ alpinejs.js?v=4f97b855:536
tryCatch @ alpinejs.js?v=4f97b855:435
(anonymous) @ alpinejs.js?v=4f97b855:3127
reactiveEffect @ alpinejs.js?v=4f97b855:1825
effect2 @ alpinejs.js?v=4f97b855:1800
effect @ alpinejs.js?v=4f97b855:61
wrappedEffect @ alpinejs.js?v=4f97b855:77
(anonymous) @ alpinejs.js?v=4f97b855:3127
flushHandlers @ alpinejs.js?v=4f97b855:653
stopDeferring @ alpinejs.js?v=4f97b855:658
deferHandlingDirectives @ alpinejs.js?v=4f97b855:661
initTree @ alpinejs.js?v=4f97b855:859
(anonymous) @ alpinejs.js?v=4f97b855:805
start @ alpinejs.js?v=4f97b855:804
(anonymous) @ app.js:6Understand this error
alpinejs.js?v=4f97b855:456 Uncaught ReferenceError: currentStep is not defined
    at [Alpine] currentStep === 3 (eval at safeAsyncFunction (alpinejs.js?v=4f97b855:511:19), <anonymous>:3:32)
    at alpinejs.js?v=4f97b855:536:26
    at tryCatch (alpinejs.js?v=4f97b855:435:12)
    at alpinejs.js?v=4f97b855:3127:17
    at reactiveEffect (alpinejs.js?v=4f97b855:1825:16)
    at Object.effect2 [as effect] (alpinejs.js?v=4f97b855:1800:5)
    at effect (alpinejs.js?v=4f97b855:61:33)
    at wrappedEffect (alpinejs.js?v=4f97b855:77:27)
    at Function.<anonymous> (alpinejs.js?v=4f97b855:3127:3)
    at flushHandlers (alpinejs.js?v=4f97b855:653:46)
[Alpine] currentStep === 3 @ VM8488:3
(anonymous) @ alpinejs.js?v=4f97b855:536
tryCatch @ alpinejs.js?v=4f97b855:435
(anonymous) @ alpinejs.js?v=4f97b855:3127
reactiveEffect @ alpinejs.js?v=4f97b855:1825
effect2 @ alpinejs.js?v=4f97b855:1800
effect @ alpinejs.js?v=4f97b855:61
wrappedEffect @ alpinejs.js?v=4f97b855:77
(anonymous) @ alpinejs.js?v=4f97b855:3127
flushHandlers @ alpinejs.js?v=4f97b855:653
stopDeferring @ alpinejs.js?v=4f97b855:658
deferHandlingDirectives @ alpinejs.js?v=4f97b855:661
initTree @ alpinejs.js?v=4f97b855:859
(anonymous) @ alpinejs.js?v=4f97b855:805
start @ alpinejs.js?v=4f97b855:804
(anonymous) @ app.js:6Understand this error
alpinejs.js?v=4f97b855:456 Uncaught TypeError: Cannot read properties of undefined (reading 'length')
    at [Alpine] form.practical_tasks.length === 0 (eval at safeAsyncFunction (alpinejs.js?v=4f97b855:511:19), <anonymous>:3:53)
    at alpinejs.js?v=4f97b855:536:26
    at tryCatch (alpinejs.js?v=4f97b855:435:12)
    at alpinejs.js?v=4f97b855:3127:17
    at reactiveEffect (alpinejs.js?v=4f97b855:1825:16)
    at Object.effect2 [as effect] (alpinejs.js?v=4f97b855:1800:5)
    at effect (alpinejs.js?v=4f97b855:61:33)
    at wrappedEffect (alpinejs.js?v=4f97b855:77:27)
    at Function.<anonymous> (alpinejs.js?v=4f97b855:3127:3)
    at flushHandlers (alpinejs.js?v=4f97b855:653:46)
[Alpine] form.practical_tasks.length === 0 @ VM8491:3
(anonymous) @ alpinejs.js?v=4f97b855:536
tryCatch @ alpinejs.js?v=4f97b855:435
(anonymous) @ alpinejs.js?v=4f97b855:3127
reactiveEffect @ alpinejs.js?v=4f97b855:1825
effect2 @ alpinejs.js?v=4f97b855:1800
effect @ alpinejs.js?v=4f97b855:61
wrappedEffect @ alpinejs.js?v=4f97b855:77
(anonymous) @ alpinejs.js?v=4f97b855:3127
flushHandlers @ alpinejs.js?v=4f97b855:653
stopDeferring @ alpinejs.js?v=4f97b855:658
deferHandlingDirectives @ alpinejs.js?v=4f97b855:661
initTree @ alpinejs.js?v=4f97b855:859
(anonymous) @ alpinejs.js?v=4f97b855:805
start @ alpinejs.js?v=4f97b855:804
(anonymous) @ app.js:6Understand this error
alpinejs.js?v=4f97b855:456 Uncaught ReferenceError: currentStep is not defined
    at [Alpine] currentStep === 4 (eval at safeAsyncFunction (alpinejs.js?v=4f97b855:511:19), <anonymous>:3:32)
    at alpinejs.js?v=4f97b855:536:26
    at tryCatch (alpinejs.js?v=4f97b855:435:12)
    at alpinejs.js?v=4f97b855:3127:17
    at reactiveEffect (alpinejs.js?v=4f97b855:1825:16)
    at Object.effect2 [as effect] (alpinejs.js?v=4f97b855:1800:5)
    at effect (alpinejs.js?v=4f97b855:61:33)
    at wrappedEffect (alpinejs.js?v=4f97b855:77:27)
    at Function.<anonymous> (alpinejs.js?v=4f97b855:3127:3)
    at flushHandlers (alpinejs.js?v=4f97b855:653:46)
[Alpine] currentStep === 4 @ VM8492:3
(anonymous) @ alpinejs.js?v=4f97b855:536
tryCatch @ alpinejs.js?v=4f97b855:435
(anonymous) @ alpinejs.js?v=4f97b855:3127
reactiveEffect @ alpinejs.js?v=4f97b855:1825
effect2 @ alpinejs.js?v=4f97b855:1800
effect @ alpinejs.js?v=4f97b855:61
wrappedEffect @ alpinejs.js?v=4f97b855:77
(anonymous) @ alpinejs.js?v=4f97b855:3127
flushHandlers @ alpinejs.js?v=4f97b855:653
stopDeferring @ alpinejs.js?v=4f97b855:658
deferHandlingDirectives @ alpinejs.js?v=4f97b855:661
initTree @ alpinejs.js?v=4f97b855:859
(anonymous) @ alpinejs.js?v=4f97b855:805
start @ alpinejs.js?v=4f97b855:804
(anonymous) @ app.js:6Understand this error
alpinejs.js?v=4f97b855:456 Uncaught TypeError: Cannot read properties of undefined (reading 'length')
    at [Alpine] form.books.length === 0 (eval at safeAsyncFunction (alpinejs.js?v=4f97b855:511:19), <anonymous>:3:43)
    at alpinejs.js?v=4f97b855:536:26
    at tryCatch (alpinejs.js?v=4f97b855:435:12)
    at alpinejs.js?v=4f97b855:3127:17
    at reactiveEffect (alpinejs.js?v=4f97b855:1825:16)
    at Object.effect2 [as effect] (alpinejs.js?v=4f97b855:1800:5)
    at effect (alpinejs.js?v=4f97b855:61:33)
    at wrappedEffect (alpinejs.js?v=4f97b855:77:27)
    at Function.<anonymous> (alpinejs.js?v=4f97b855:3127:3)
    at flushHandlers (alpinejs.js?v=4f97b855:653:46)
[Alpine] form.books.length === 0 @ VM8495:3
(anonymous) @ alpinejs.js?v=4f97b855:536
tryCatch @ alpinejs.js?v=4f97b855:435
(anonymous) @ alpinejs.js?v=4f97b855:3127
reactiveEffect @ alpinejs.js?v=4f97b855:1825
effect2 @ alpinejs.js?v=4f97b855:1800
effect @ alpinejs.js?v=4f97b855:61
wrappedEffect @ alpinejs.js?v=4f97b855:77
(anonymous) @ alpinejs.js?v=4f97b855:3127
flushHandlers @ alpinejs.js?v=4f97b855:653
stopDeferring @ alpinejs.js?v=4f97b855:658
deferHandlingDirectives @ alpinejs.js?v=4f97b855:661
initTree @ alpinejs.js?v=4f97b855:859
(anonymous) @ alpinejs.js?v=4f97b855:805
start @ alpinejs.js?v=4f97b855:804
(anonymous) @ app.js:6Understand this error
alpinejs.js?v=4f97b855:456 Uncaught TypeError: Cannot read properties of undefined (reading 'length')
    at [Alpine] form.software_websites.length === 0 (eval at safeAsyncFunction (alpinejs.js?v=4f97b855:511:19), <anonymous>:3:55)
    at alpinejs.js?v=4f97b855:536:26
    at tryCatch (alpinejs.js?v=4f97b855:435:12)
    at alpinejs.js?v=4f97b855:3127:17
    at reactiveEffect (alpinejs.js?v=4f97b855:1825:16)
    at Object.effect2 [as effect] (alpinejs.js?v=4f97b855:1800:5)
    at effect (alpinejs.js?v=4f97b855:61:33)
    at wrappedEffect (alpinejs.js?v=4f97b855:77:27)
    at Function.<anonymous> (alpinejs.js?v=4f97b855:3127:3)
    at flushHandlers (alpinejs.js?v=4f97b855:653:46)
[Alpine] form.software_websites.length === 0 @ VM8498:3
(anonymous) @ alpinejs.js?v=4f97b855:536
tryCatch @ alpinejs.js?v=4f97b855:435
(anonymous) @ alpinejs.js?v=4f97b855:3127
reactiveEffect @ alpinejs.js?v=4f97b855:1825
effect2 @ alpinejs.js?v=4f97b855:1800
effect @ alpinejs.js?v=4f97b855:61
wrappedEffect @ alpinejs.js?v=4f97b855:77
(anonymous) @ alpinejs.js?v=4f97b855:3127
flushHandlers @ alpinejs.js?v=4f97b855:653
stopDeferring @ alpinejs.js?v=4f97b855:658
deferHandlingDirectives @ alpinejs.js?v=4f97b855:661
initTree @ alpinejs.js?v=4f97b855:859
(anonymous) @ alpinejs.js?v=4f97b855:805
start @ alpinejs.js?v=4f97b855:804
(anonymous) @ app.js:6Understand this error
alpinejs.js?v=4f97b855:456 Uncaught TypeError: Cannot read properties of undefined (reading 'length')
    at [Alpine] form.equipment_list.length === 0 (eval at safeAsyncFunction (alpinejs.js?v=4f97b855:511:19), <anonymous>:3:52)
    at alpinejs.js?v=4f97b855:536:26
    at tryCatch (alpinejs.js?v=4f97b855:435:12)
    at alpinejs.js?v=4f97b855:3127:17
    at reactiveEffect (alpinejs.js?v=4f97b855:1825:16)
    at Object.effect2 [as effect] (alpinejs.js?v=4f97b855:1800:5)
    at effect (alpinejs.js?v=4f97b855:61:33)
    at wrappedEffect (alpinejs.js?v=4f97b855:77:27)
    at Function.<anonymous> (alpinejs.js?v=4f97b855:3127:3)
    at flushHandlers (alpinejs.js?v=4f97b855:653:46)
[Alpine] form.equipment_list.length === 0 @ VM8501:3
(anonymous) @ alpinejs.js?v=4f97b855:536
tryCatch @ alpinejs.js?v=4f97b855:435
(anonymous) @ alpinejs.js?v=4f97b855:3127
reactiveEffect @ alpinejs.js?v=4f97b855:1825
effect2 @ alpinejs.js?v=4f97b855:1800
effect @ alpinejs.js?v=4f97b855:61
wrappedEffect @ alpinejs.js?v=4f97b855:77
(anonymous) @ alpinejs.js?v=4f97b855:3127
flushHandlers @ alpinejs.js?v=4f97b855:653
stopDeferring @ alpinejs.js?v=4f97b855:658
deferHandlingDirectives @ alpinejs.js?v=4f97b855:661
initTree @ alpinejs.js?v=4f97b855:859
(anonymous) @ alpinejs.js?v=4f97b855:805
start @ alpinejs.js?v=4f97b855:804
(anonymous) @ app.js:6Understand this error
alpinejs.js?v=4f97b855:456 Uncaught ReferenceError: currentStep is not defined
    at [Alpine] currentStep === 5 (eval at safeAsyncFunction (alpinejs.js?v=4f97b855:511:19), <anonymous>:3:32)
    at alpinejs.js?v=4f97b855:536:26
    at tryCatch (alpinejs.js?v=4f97b855:435:12)
    at alpinejs.js?v=4f97b855:3127:17
    at reactiveEffect (alpinejs.js?v=4f97b855:1825:16)
    at Object.effect2 [as effect] (alpinejs.js?v=4f97b855:1800:5)
    at effect (alpinejs.js?v=4f97b855:61:33)
    at wrappedEffect (alpinejs.js?v=4f97b855:77:27)
    at Function.<anonymous> (alpinejs.js?v=4f97b855:3127:3)
    at flushHandlers (alpinejs.js?v=4f97b855:653:46)
[Alpine] currentStep === 5 @ VM8502:3
(anonymous) @ alpinejs.js?v=4f97b855:536
tryCatch @ alpinejs.js?v=4f97b855:435
(anonymous) @ alpinejs.js?v=4f97b855:3127
reactiveEffect @ alpinejs.js?v=4f97b855:1825
effect2 @ alpinejs.js?v=4f97b855:1800
effect @ alpinejs.js?v=4f97b855:61
wrappedEffect @ alpinejs.js?v=4f97b855:77
(anonymous) @ alpinejs.js?v=4f97b855:3127
flushHandlers @ alpinejs.js?v=4f97b855:653
stopDeferring @ alpinejs.js?v=4f97b855:658
deferHandlingDirectives @ alpinejs.js?v=4f97b855:661
initTree @ alpinejs.js?v=4f97b855:859
(anonymous) @ alpinejs.js?v=4f97b855:805
start @ alpinejs.js?v=4f97b855:804
(anonymous) @ app.js:6Understand this error
alpinejs.js?v=4f97b855:456 Uncaught TypeError: Cannot read properties of undefined (reading 'length')
    at [Alpine] form.course_outcomes.length < 3 (eval at safeAsyncFunction (alpinejs.js?v=4f97b855:511:19), <anonymous>:3:53)
    at alpinejs.js?v=4f97b855:536:26
    at tryCatch (alpinejs.js?v=4f97b855:435:12)
    at alpinejs.js?v=4f97b855:3127:17
    at reactiveEffect (alpinejs.js?v=4f97b855:1825:16)
    at Object.effect2 [as effect] (alpinejs.js?v=4f97b855:1800:5)
    at effect (alpinejs.js?v=4f97b855:61:33)
    at wrappedEffect (alpinejs.js?v=4f97b855:77:27)
    at Function.<anonymous> (alpinejs.js?v=4f97b855:3127:3)
    at flushHandlers (alpinejs.js?v=4f97b855:653:46)
[Alpine] form.course_outcomes.length < 3 @ VM8503:3
(anonymous) @ alpinejs.js?v=4f97b855:536
tryCatch @ alpinejs.js?v=4f97b855:435
(anonymous) @ alpinejs.js?v=4f97b855:3127
reactiveEffect @ alpinejs.js?v=4f97b855:1825
effect2 @ alpinejs.js?v=4f97b855:1800
effect @ alpinejs.js?v=4f97b855:61
wrappedEffect @ alpinejs.js?v=4f97b855:77
(anonymous) @ alpinejs.js?v=4f97b855:3127
flushHandlers @ alpinejs.js?v=4f97b855:653
stopDeferring @ alpinejs.js?v=4f97b855:658
deferHandlingDirectives @ alpinejs.js?v=4f97b855:661
initTree @ alpinejs.js?v=4f97b855:859
(anonymous) @ alpinejs.js?v=4f97b855:805
start @ alpinejs.js?v=4f97b855:804
(anonymous) @ app.js:6Understand this error
alpinejs.js?v=4f97b855:456 Uncaught TypeError: Cannot read properties of undefined (reading 'length')
    at [Alpine] form.course_outcomes.length >= 3 (eval at safeAsyncFunction (alpinejs.js?v=4f97b855:511:19), <anonymous>:3:53)
    at alpinejs.js?v=4f97b855:536:26
    at tryCatch (alpinejs.js?v=4f97b855:435:12)
    at alpinejs.js?v=4f97b855:3127:17
    at reactiveEffect (alpinejs.js?v=4f97b855:1825:16)
    at Object.effect2 [as effect] (alpinejs.js?v=4f97b855:1800:5)
    at effect (alpinejs.js?v=4f97b855:61:33)
    at wrappedEffect (alpinejs.js?v=4f97b855:77:27)
    at Function.<anonymous> (alpinejs.js?v=4f97b855:3127:3)
    at flushHandlers (alpinejs.js?v=4f97b855:653:46)
[Alpine] form.course_outcomes.length >= 3 @ VM8504:3
(anonymous) @ alpinejs.js?v=4f97b855:536
tryCatch @ alpinejs.js?v=4f97b855:435
(anonymous) @ alpinejs.js?v=4f97b855:3127
reactiveEffect @ alpinejs.js?v=4f97b855:1825
effect2 @ alpinejs.js?v=4f97b855:1800
effect @ alpinejs.js?v=4f97b855:61
wrappedEffect @ alpinejs.js?v=4f97b855:77
(anonymous) @ alpinejs.js?v=4f97b855:3127
flushHandlers @ alpinejs.js?v=4f97b855:653
stopDeferring @ alpinejs.js?v=4f97b855:658
deferHandlingDirectives @ alpinejs.js?v=4f97b855:661
initTree @ alpinejs.js?v=4f97b855:859
(anonymous) @ alpinejs.js?v=4f97b855:805
start @ alpinejs.js?v=4f97b855:804
(anonymous) @ app.js:6Understand this error
alpinejs.js?v=4f97b855:456 Uncaught ReferenceError: getColumnAverage is not defined
    at [Alpine] {
                                    'bg-green-100 text-green-800': getColumnAverage(po) >= 2.5,
                                    'bg-yellow-100 text-yellow-800': getColumnAverage(po) >= 1.5 && getColumnAverage(po) < 2.5,
                                    'bg-orange-100 text-orange-800': getColumnAverage(po) > 0 && getColumnAverage(po) < 1.5,
                                    'bg-gray-100 text-gray-500': getColumnAverage(po) === 0
                                } (eval at safeAsyncFunction (http://[::1]:5173/node_modules/.vite/deps/alpinejs.js?v=4f97b855:511:19), <anonymous>:4:89)
    at http://[::1]:5173/node_modules/.vite/deps/alpinejs.js?v=4f97b855:536:26
    at tryCatch (http://[::1]:5173/node_modules/.vite/deps/alpinejs.js?v=4f97b855:435:12)
    at http://[::1]:5173/node_modules/.vite/deps/alpinejs.js?v=4f97b855:3031:17
    at reactiveEffect (http://[::1]:5173/node_modules/.vite/deps/alpinejs.js?v=4f97b855:1825:16)
    at Object.effect2 [as effect] (http://[::1]:5173/node_modules/.vite/deps/alpinejs.js?v=4f97b855:1800:5)
    at effect (http://[::1]:5173/node_modules/.vite/deps/alpinejs.js?v=4f97b855:61:33)
    at wrappedEffect (http://[::1]:5173/node_modules/.vite/deps/alpinejs.js?v=4f97b855:77:27)
    at handler2 (http://[::1]:5173/node_modules/.vite/deps/alpinejs.js?v=4f97b855:3031:3)
    at flushHandlers (http://[::1]:5173/node_modules/.vite/deps/alpinejs.js?v=4f97b855:653:46)
[Alpine] {
                                    'bg-green-100 text-green-800': getColumnAverage(po) >= 2.5,
                                    'bg-yellow-100 text-yellow-800': getColumnAverage(po) >= 1.5 && getColumnAverage(po) < 2.5,
                                    'bg-orange-100 text-orange-800': getColumnAverage(po) > 0 && getColumnAverage(po) < 1.5,
                                    'bg-gray-100 text-gray-500': getColumnAverage(po) === 0
                                } @ VM8513:4
(anonymous) @ alpinejs.js?v=4f97b855:536
tryCatch @ alpinejs.js?v=4f97b855:435
(anonymous) @ alpinejs.js?v=4f97b855:3031
reactiveEffect @ alpinejs.js?v=4f97b855:1825
effect2 @ alpinejs.js?v=4f97b855:1800
effect @ alpinejs.js?v=4f97b855:61
wrappedEffect @ alpinejs.js?v=4f97b855:77
handler2 @ alpinejs.js?v=4f97b855:3031
flushHandlers @ alpinejs.js?v=4f97b855:653
stopDeferring @ alpinejs.js?v=4f97b855:658
deferHandlingDirectives @ alpinejs.js?v=4f97b855:661
initTree @ alpinejs.js?v=4f97b855:859
(anonymous) @ alpinejs.js?v=4f97b855:3265
(anonymous) @ alpinejs.js?v=4f97b855:1289
(anonymous) @ alpinejs.js?v=4f97b855:3265
mutateDom @ alpinejs.js?v=4f97b855:193
(anonymous) @ alpinejs.js?v=4f97b855:3263
runIfTypeOfFunction @ alpinejs.js?v=4f97b855:559
(anonymous) @ alpinejs.js?v=4f97b855:538
tryCatch @ alpinejs.js?v=4f97b855:435
loop @ alpinejs.js?v=4f97b855:3162
(anonymous) @ alpinejs.js?v=4f97b855:3147
reactiveEffect @ alpinejs.js?v=4f97b855:1825
effect2 @ alpinejs.js?v=4f97b855:1800
effect @ alpinejs.js?v=4f97b855:61
wrappedEffect @ alpinejs.js?v=4f97b855:77
(anonymous) @ alpinejs.js?v=4f97b855:3147
flushHandlers @ alpinejs.js?v=4f97b855:653
stopDeferring @ alpinejs.js?v=4f97b855:658
deferHandlingDirectives @ alpinejs.js?v=4f97b855:661
initTree @ alpinejs.js?v=4f97b855:859
(anonymous) @ alpinejs.js?v=4f97b855:805
start @ alpinejs.js?v=4f97b855:804
(anonymous) @ app.js:6Understand this error
alpinejs.js?v=4f97b855:456 Uncaught ReferenceError: getColumnAverage is not defined
    at [Alpine] getColumnAverage(po) > 0 ? getColumnAverage(po).toFixed(2) : '-' (eval at safeAsyncFunction (http://[::1]:5173/node_modules/.vite/deps/alpinejs.js?v=4f97b855:511:19), <anonymous>:3:16)
    at alpinejs.js?v=4f97b855:536:26
    at tryCatch (alpinejs.js?v=4f97b855:435:12)
    at alpinejs.js?v=4f97b855:2994:5
    at reactiveEffect (alpinejs.js?v=4f97b855:1825:16)
    at Object.effect2 [as effect] (alpinejs.js?v=4f97b855:1800:5)
    at effect (alpinejs.js?v=4f97b855:61:33)
    at wrappedEffect (alpinejs.js?v=4f97b855:77:27)
    at Function.<anonymous> (alpinejs.js?v=4f97b855:2993:3)
    at flushHandlers (alpinejs.js?v=4f97b855:653:46)
[Alpine] getColumnAverage(po) > 0 ? getColumnAverage(po).toFixed(2) : '-' @ VM8514:3
(anonymous) @ alpinejs.js?v=4f97b855:536
tryCatch @ alpinejs.js?v=4f97b855:435
(anonymous) @ alpinejs.js?v=4f97b855:2994
reactiveEffect @ alpinejs.js?v=4f97b855:1825
effect2 @ alpinejs.js?v=4f97b855:1800
effect @ alpinejs.js?v=4f97b855:61
wrappedEffect @ alpinejs.js?v=4f97b855:77
(anonymous) @ alpinejs.js?v=4f97b855:2993
flushHandlers @ alpinejs.js?v=4f97b855:653
stopDeferring @ alpinejs.js?v=4f97b855:658
deferHandlingDirectives @ alpinejs.js?v=4f97b855:661
initTree @ alpinejs.js?v=4f97b855:859
(anonymous) @ alpinejs.js?v=4f97b855:3265
(anonymous) @ alpinejs.js?v=4f97b855:1289
(anonymous) @ alpinejs.js?v=4f97b855:3265
mutateDom @ alpinejs.js?v=4f97b855:193
(anonymous) @ alpinejs.js?v=4f97b855:3263
runIfTypeOfFunction @ alpinejs.js?v=4f97b855:559
(anonymous) @ alpinejs.js?v=4f97b855:538
tryCatch @ alpinejs.js?v=4f97b855:435
loop @ alpinejs.js?v=4f97b855:3162
(anonymous) @ alpinejs.js?v=4f97b855:3147
reactiveEffect @ alpinejs.js?v=4f97b855:1825
effect2 @ alpinejs.js?v=4f97b855:1800
effect @ alpinejs.js?v=4f97b855:61
wrappedEffect @ alpinejs.js?v=4f97b855:77
(anonymous) @ alpinejs.js?v=4f97b855:3147
flushHandlers @ alpinejs.js?v=4f97b855:653
stopDeferring @ alpinejs.js?v=4f97b855:658
deferHandlingDirectives @ alpinejs.js?v=4f97b855:661
initTree @ alpinejs.js?v=4f97b855:859
(anonymous) @ alpinejs.js?v=4f97b855:805
start @ alpinejs.js?v=4f97b855:804
(anonymous) @ app.js:6Understand this error
alpinejs.js?v=4f97b855:456 Uncaught ReferenceError: getColumnAverage is not defined
    at [Alpine] {
                                    'bg-green-100 text-green-800': getColumnAverage(po) >= 2.5,
                                    'bg-yellow-100 text-yellow-800': getColumnAverage(po) >= 1.5 && getColumnAverage(po) < 2.5,
                                    'bg-orange-100 text-orange-800': getColumnAverage(po) > 0 && getColumnAverage(po) < 1.5,
                                    'bg-gray-100 text-gray-500': getColumnAverage(po) === 0
                                } (eval at safeAsyncFunction (http://[::1]:5173/node_modules/.vite/deps/alpinejs.js?v=4f97b855:511:19), <anonymous>:4:89)
    at http://[::1]:5173/node_modules/.vite/deps/alpinejs.js?v=4f97b855:536:26
    at tryCatch (http://[::1]:5173/node_modules/.vite/deps/alpinejs.js?v=4f97b855:435:12)
    at http://[::1]:5173/node_modules/.vite/deps/alpinejs.js?v=4f97b855:3031:17
    at reactiveEffect (http://[::1]:5173/node_modules/.vite/deps/alpinejs.js?v=4f97b855:1825:16)
    at Object.effect2 [as effect] (http://[::1]:5173/node_modules/.vite/deps/alpinejs.js?v=4f97b855:1800:5)
    at effect (http://[::1]:5173/node_modules/.vite/deps/alpinejs.js?v=4f97b855:61:33)
    at wrappedEffect (http://[::1]:5173/node_modules/.vite/deps/alpinejs.js?v=4f97b855:77:27)
    at handler2 (http://[::1]:5173/node_modules/.vite/deps/alpinejs.js?v=4f97b855:3031:3)
    at flushHandlers (http://[::1]:5173/node_modules/.vite/deps/alpinejs.js?v=4f97b855:653:46)
[Alpine] {
                                    'bg-green-100 text-green-800': getColumnAverage(po) >= 2.5,
                                    'bg-yellow-100 text-yellow-800': getColumnAverage(po) >= 1.5 && getColumnAverage(po) < 2.5,
                                    'bg-orange-100 text-orange-800': getColumnAverage(po) > 0 && getColumnAverage(po) < 1.5,
                                    'bg-gray-100 text-gray-500': getColumnAverage(po) === 0
                                } @ VM8513:4
(anonymous) @ alpinejs.js?v=4f97b855:536
tryCatch @ alpinejs.js?v=4f97b855:435
(anonymous) @ alpinejs.js?v=4f97b855:3031
reactiveEffect @ alpinejs.js?v=4f97b855:1825
effect2 @ alpinejs.js?v=4f97b855:1800
effect @ alpinejs.js?v=4f97b855:61
wrappedEffect @ alpinejs.js?v=4f97b855:77
handler2 @ alpinejs.js?v=4f97b855:3031
flushHandlers @ alpinejs.js?v=4f97b855:653
stopDeferring @ alpinejs.js?v=4f97b855:658
deferHandlingDirectives @ alpinejs.js?v=4f97b855:661
initTree @ alpinejs.js?v=4f97b855:859
(anonymous) @ alpinejs.js?v=4f97b855:3265
(anonymous) @ alpinejs.js?v=4f97b855:1289
(anonymous) @ alpinejs.js?v=4f97b855:3265
mutateDom @ alpinejs.js?v=4f97b855:193
(anonymous) @ alpinejs.js?v=4f97b855:3263
runIfTypeOfFunction @ alpinejs.js?v=4f97b855:559
(anonymous) @ alpinejs.js?v=4f97b855:538
tryCatch @ alpinejs.js?v=4f97b855:435
loop @ alpinejs.js?v=4f97b855:3162
(anonymous) @ alpinejs.js?v=4f97b855:3147
reactiveEffect @ alpinejs.js?v=4f97b855:1825
effect2 @ alpinejs.js?v=4f97b855:1800
effect @ alpinejs.js?v=4f97b855:61
wrappedEffect @ alpinejs.js?v=4f97b855:77
(anonymous) @ alpinejs.js?v=4f97b855:3147
flushHandlers @ alpinejs.js?v=4f97b855:653
stopDeferring @ alpinejs.js?v=4f97b855:658
deferHandlingDirectives @ alpinejs.js?v=4f97b855:661
initTree @ alpinejs.js?v=4f97b855:859
(anonymous) @ alpinejs.js?v=4f97b855:805
start @ alpinejs.js?v=4f97b855:804
(anonymous) @ app.js:6Understand this error
alpinejs.js?v=4f97b855:456 Uncaught ReferenceError: getColumnAverage is not defined
    at [Alpine] getColumnAverage(po) > 0 ? getColumnAverage(po).toFixed(2) : '-' (eval at safeAsyncFunction (http://[::1]:5173/node_modules/.vite/deps/alpinejs.js?v=4f97b855:511:19), <anonymous>:3:16)
    at alpinejs.js?v=4f97b855:536:26
    at tryCatch (alpinejs.js?v=4f97b855:435:12)
    at alpinejs.js?v=4f97b855:2994:5
    at reactiveEffect (alpinejs.js?v=4f97b855:1825:16)
    at Object.effect2 [as effect] (alpinejs.js?v=4f97b855:1800:5)
    at effect (alpinejs.js?v=4f97b855:61:33)
    at wrappedEffect (alpinejs.js?v=4f97b855:77:27)
    at Function.<anonymous> (alpinejs.js?v=4f97b855:2993:3)
    at flushHandlers (alpinejs.js?v=4f97b855:653:46)
[Alpine] getColumnAverage(po) > 0 ? getColumnAverage(po).toFixed(2) : '-' @ VM8514:3
(anonymous) @ alpinejs.js?v=4f97b855:536
tryCatch @ alpinejs.js?v=4f97b855:435
(anonymous) @ alpinejs.js?v=4f97b855:2994
reactiveEffect @ alpinejs.js?v=4f97b855:1825
effect2 @ alpinejs.js?v=4f97b855:1800
effect @ alpinejs.js?v=4f97b855:61
wrappedEffect @ alpinejs.js?v=4f97b855:77
(anonymous) @ alpinejs.js?v=4f97b855:2993
flushHandlers @ alpinejs.js?v=4f97b855:653
stopDeferring @ alpinejs.js?v=4f97b855:658
deferHandlingDirectives @ alpinejs.js?v=4f97b855:661
initTree @ alpinejs.js?v=4f97b855:859
(anonymous) @ alpinejs.js?v=4f97b855:3265
(anonymous) @ alpinejs.js?v=4f97b855:1289
(anonymous) @ alpinejs.js?v=4f97b855:3265
mutateDom @ alpinejs.js?v=4f97b855:193
(anonymous) @ alpinejs.js?v=4f97b855:3263
runIfTypeOfFunction @ alpinejs.js?v=4f97b855:559
(anonymous) @ alpinejs.js?v=4f97b855:538
tryCatch @ alpinejs.js?v=4f97b855:435
loop @ alpinejs.js?v=4f97b855:3162
(anonymous) @ alpinejs.js?v=4f97b855:3147
reactiveEffect @ alpinejs.js?v=4f97b855:1825
effect2 @ alpinejs.js?v=4f97b855:1800
effect @ alpinejs.js?v=4f97b855:61
wrappedEffect @ alpinejs.js?v=4f97b855:77
(anonymous) @ alpinejs.js?v=4f97b855:3147
flushHandlers @ alpinejs.js?v=4f97b855:653
stopDeferring @ alpinejs.js?v=4f97b855:658
deferHandlingDirectives @ alpinejs.js?v=4f97b855:661
initTree @ alpinejs.js?v=4f97b855:859
(anonymous) @ alpinejs.js?v=4f97b855:805
start @ alpinejs.js?v=4f97b855:804
(anonymous) @ app.js:6Understand this error
alpinejs.js?v=4f97b855:456 Uncaught ReferenceError: getColumnAverage is not defined
    at [Alpine] {
                                    'bg-green-100 text-green-800': getColumnAverage(po) >= 2.5,
                                    'bg-yellow-100 text-yellow-800': getColumnAverage(po) >= 1.5 && getColumnAverage(po) < 2.5,
                                    'bg-orange-100 text-orange-800': getColumnAverage(po) > 0 && getColumnAverage(po) < 1.5,
                                    'bg-gray-100 text-gray-500': getColumnAverage(po) === 0
                                } (eval at safeAsyncFunction (http://[::1]:5173/node_modules/.vite/deps/alpinejs.js?v=4f97b855:511:19), <anonymous>:4:89)
    at http://[::1]:5173/node_modules/.vite/deps/alpinejs.js?v=4f97b855:536:26
    at tryCatch (http://[::1]:5173/node_modules/.vite/deps/alpinejs.js?v=4f97b855:435:12)
    at http://[::1]:5173/node_modules/.vite/deps/alpinejs.js?v=4f97b855:3031:17
    at reactiveEffect (http://[::1]:5173/node_modules/.vite/deps/alpinejs.js?v=4f97b855:1825:16)
    at Object.effect2 [as effect] (http://[::1]:5173/node_modules/.vite/deps/alpinejs.js?v=4f97b855:1800:5)
    at effect (http://[::1]:5173/node_modules/.vite/deps/alpinejs.js?v=4f97b855:61:33)
    at wrappedEffect (http://[::1]:5173/node_modules/.vite/deps/alpinejs.js?v=4f97b855:77:27)
    at handler2 (http://[::1]:5173/node_modules/.vite/deps/alpinejs.js?v=4f97b855:3031:3)
    at flushHandlers (http://[::1]:5173/node_modules/.vite/deps/alpinejs.js?v=4f97b855:653:46)
[Alpine] {
                                    'bg-green-100 text-green-800': getColumnAverage(po) >= 2.5,
                                    'bg-yellow-100 text-yellow-800': getColumnAverage(po) >= 1.5 && getColumnAverage(po) < 2.5,
                                    'bg-orange-100 text-orange-800': getColumnAverage(po) > 0 && getColumnAverage(po) < 1.5,
                                    'bg-gray-100 text-gray-500': getColumnAverage(po) === 0
                                } @ VM8513:4
(anonymous) @ alpinejs.js?v=4f97b855:536
tryCatch @ alpinejs.js?v=4f97b855:435
(anonymous) @ alpinejs.js?v=4f97b855:3031
reactiveEffect @ alpinejs.js?v=4f97b855:1825
effect2 @ alpinejs.js?v=4f97b855:1800
effect @ alpinejs.js?v=4f97b855:61
wrappedEffect @ alpinejs.js?v=4f97b855:77
handler2 @ alpinejs.js?v=4f97b855:3031
flushHandlers @ alpinejs.js?v=4f97b855:653
stopDeferring @ alpinejs.js?v=4f97b855:658
deferHandlingDirectives @ alpinejs.js?v=4f97b855:661
initTree @ alpinejs.js?v=4f97b855:859
(anonymous) @ alpinejs.js?v=4f97b855:3265
(anonymous) @ alpinejs.js?v=4f97b855:1289
(anonymous) @ alpinejs.js?v=4f97b855:3265
mutateDom @ alpinejs.js?v=4f97b855:193
(anonymous) @ alpinejs.js?v=4f97b855:3263
runIfTypeOfFunction @ alpinejs.js?v=4f97b855:559
(anonymous) @ alpinejs.js?v=4f97b855:538
tryCatch @ alpinejs.js?v=4f97b855:435
loop @ alpinejs.js?v=4f97b855:3162
(anonymous) @ alpinejs.js?v=4f97b855:3147
reactiveEffect @ alpinejs.js?v=4f97b855:1825
effect2 @ alpinejs.js?v=4f97b855:1800
effect @ alpinejs.js?v=4f97b855:61
wrappedEffect @ alpinejs.js?v=4f97b855:77
(anonymous) @ alpinejs.js?v=4f97b855:3147
flushHandlers @ alpinejs.js?v=4f97b855:653
stopDeferring @ alpinejs.js?v=4f97b855:658
deferHandlingDirectives @ alpinejs.js?v=4f97b855:661
initTree @ alpinejs.js?v=4f97b855:859
(anonymous) @ alpinejs.js?v=4f97b855:805
start @ alpinejs.js?v=4f97b855:804
(anonymous) @ app.js:6Understand this error
alpinejs.js?v=4f97b855:456 Uncaught ReferenceError: getColumnAverage is not defined
    at [Alpine] getColumnAverage(po) > 0 ? getColumnAverage(po).toFixed(2) : '-' (eval at safeAsyncFunction (http://[::1]:5173/node_modules/.vite/deps/alpinejs.js?v=4f97b855:511:19), <anonymous>:3:16)
    at alpinejs.js?v=4f97b855:536:26
    at tryCatch (alpinejs.js?v=4f97b855:435:12)
    at alpinejs.js?v=4f97b855:2994:5
    at reactiveEffect (alpinejs.js?v=4f97b855:1825:16)
    at Object.effect2 [as effect] (alpinejs.js?v=4f97b855:1800:5)
    at effect (alpinejs.js?v=4f97b855:61:33)
    at wrappedEffect (alpinejs.js?v=4f97b855:77:27)
    at Function.<anonymous> (alpinejs.js?v=4f97b855:2993:3)
    at flushHandlers (alpinejs.js?v=4f97b855:653:46)
[Alpine] getColumnAverage(po) > 0 ? getColumnAverage(po).toFixed(2) : '-' @ VM8514:3
(anonymous) @ alpinejs.js?v=4f97b855:536
tryCatch @ alpinejs.js?v=4f97b855:435
(anonymous) @ alpinejs.js?v=4f97b855:2994
reactiveEffect @ alpinejs.js?v=4f97b855:1825
effect2 @ alpinejs.js?v=4f97b855:1800
effect @ alpinejs.js?v=4f97b855:61
wrappedEffect @ alpinejs.js?v=4f97b855:77
(anonymous) @ alpinejs.js?v=4f97b855:2993
flushHandlers @ alpinejs.js?v=4f97b855:653
stopDeferring @ alpinejs.js?v=4f97b855:658
deferHandlingDirectives @ alpinejs.js?v=4f97b855:661
initTree @ alpinejs.js?v=4f97b855:859
(anonymous) @ alpinejs.js?v=4f97b855:3265
(anonymous) @ alpinejs.js?v=4f97b855:1289
(anonymous) @ alpinejs.js?v=4f97b855:3265
mutateDom @ alpinejs.js?v=4f97b855:193
(anonymous) @ alpinejs.js?v=4f97b855:3263
runIfTypeOfFunction @ alpinejs.js?v=4f97b855:559
(anonymous) @ alpinejs.js?v=4f97b855:538
tryCatch @ alpinejs.js?v=4f97b855:435
loop @ alpinejs.js?v=4f97b855:3162
(anonymous) @ alpinejs.js?v=4f97b855:3147
reactiveEffect @ alpinejs.js?v=4f97b855:1825
effect2 @ alpinejs.js?v=4f97b855:1800
effect @ alpinejs.js?v=4f97b855:61
wrappedEffect @ alpinejs.js?v=4f97b855:77
(anonymous) @ alpinejs.js?v=4f97b855:3147
flushHandlers @ alpinejs.js?v=4f97b855:653
stopDeferring @ alpinejs.js?v=4f97b855:658
deferHandlingDirectives @ alpinejs.js?v=4f97b855:661
initTree @ alpinejs.js?v=4f97b855:859
(anonymous) @ alpinejs.js?v=4f97b855:805
start @ alpinejs.js?v=4f97b855:804
(anonymous) @ app.js:6Understand this error
alpinejs.js?v=4f97b855:456 Uncaught ReferenceError: getColumnAverage is not defined
    at [Alpine] {
                                    'bg-green-100 text-green-800': getColumnAverage(po) >= 2.5,
                                    'bg-yellow-100 text-yellow-800': getColumnAverage(po) >= 1.5 && getColumnAverage(po) < 2.5,
                                    'bg-orange-100 text-orange-800': getColumnAverage(po) > 0 && getColumnAverage(po) < 1.5,
                                    'bg-gray-100 text-gray-500': getColumnAverage(po) === 0
                                } (eval at safeAsyncFunction (http://[::1]:5173/node_modules/.vite/deps/alpinejs.js?v=4f97b855:511:19), <anonymous>:4:89)
    at http://[::1]:5173/node_modules/.vite/deps/alpinejs.js?v=4f97b855:536:26
    at tryCatch (http://[::1]:5173/node_modules/.vite/deps/alpinejs.js?v=4f97b855:435:12)
    at http://[::1]:5173/node_modules/.vite/deps/alpinejs.js?v=4f97b855:3031:17
    at reactiveEffect (http://[::1]:5173/node_modules/.vite/deps/alpinejs.js?v=4f97b855:1825:16)
    at Object.effect2 [as effect] (http://[::1]:5173/node_modules/.vite/deps/alpinejs.js?v=4f97b855:1800:5)
    at effect (http://[::1]:5173/node_modules/.vite/deps/alpinejs.js?v=4f97b855:61:33)
    at wrappedEffect (http://[::1]:5173/node_modules/.vite/deps/alpinejs.js?v=4f97b855:77:27)
    at handler2 (http://[::1]:5173/node_modules/.vite/deps/alpinejs.js?v=4f97b855:3031:3)
    at flushHandlers (http://[::1]:5173/node_modules/.vite/deps/alpinejs.js?v=4f97b855:653:46)
[Alpine] {
                                    'bg-green-100 text-green-800': getColumnAverage(po) >= 2.5,
                                    'bg-yellow-100 text-yellow-800': getColumnAverage(po) >= 1.5 && getColumnAverage(po) < 2.5,
                                    'bg-orange-100 text-orange-800': getColumnAverage(po) > 0 && getColumnAverage(po) < 1.5,
                                    'bg-gray-100 text-gray-500': getColumnAverage(po) === 0
                                } @ VM8513:4
(anonymous) @ alpinejs.js?v=4f97b855:536
tryCatch @ alpinejs.js?v=4f97b855:435
(anonymous) @ alpinejs.js?v=4f97b855:3031
reactiveEffect @ alpinejs.js?v=4f97b855:1825
effect2 @ alpinejs.js?v=4f97b855:1800
effect @ alpinejs.js?v=4f97b855:61
wrappedEffect @ alpinejs.js?v=4f97b855:77
handler2 @ alpinejs.js?v=4f97b855:3031
flushHandlers @ alpinejs.js?v=4f97b855:653
stopDeferring @ alpinejs.js?v=4f97b855:658
deferHandlingDirectives @ alpinejs.js?v=4f97b855:661
initTree @ alpinejs.js?v=4f97b855:859
(anonymous) @ alpinejs.js?v=4f97b855:3265
(anonymous) @ alpinejs.js?v=4f97b855:1289
(anonymous) @ alpinejs.js?v=4f97b855:3265
mutateDom @ alpinejs.js?v=4f97b855:193
(anonymous) @ alpinejs.js?v=4f97b855:3263
runIfTypeOfFunction @ alpinejs.js?v=4f97b855:559
(anonymous) @ alpinejs.js?v=4f97b855:538
tryCatch @ alpinejs.js?v=4f97b855:435
loop @ alpinejs.js?v=4f97b855:3162
(anonymous) @ alpinejs.js?v=4f97b855:3147
reactiveEffect @ alpinejs.js?v=4f97b855:1825
effect2 @ alpinejs.js?v=4f97b855:1800
effect @ alpinejs.js?v=4f97b855:61
wrappedEffect @ alpinejs.js?v=4f97b855:77
(anonymous) @ alpinejs.js?v=4f97b855:3147
flushHandlers @ alpinejs.js?v=4f97b855:653
stopDeferring @ alpinejs.js?v=4f97b855:658
deferHandlingDirectives @ alpinejs.js?v=4f97b855:661
initTree @ alpinejs.js?v=4f97b855:859
(anonymous) @ alpinejs.js?v=4f97b855:805
start @ alpinejs.js?v=4f97b855:804
(anonymous) @ app.js:6Understand this error
alpinejs.js?v=4f97b855:456 Uncaught ReferenceError: getColumnAverage is not defined
    at [Alpine] getColumnAverage(po) > 0 ? getColumnAverage(po).toFixed(2) : '-' (eval at safeAsyncFunction (http://[::1]:5173/node_modules/.vite/deps/alpinejs.js?v=4f97b855:511:19), <anonymous>:3:16)
    at alpinejs.js?v=4f97b855:536:26
    at tryCatch (alpinejs.js?v=4f97b855:435:12)
    at alpinejs.js?v=4f97b855:2994:5
    at reactiveEffect (alpinejs.js?v=4f97b855:1825:16)
    at Object.effect2 [as effect] (alpinejs.js?v=4f97b855:1800:5)
    at effect (alpinejs.js?v=4f97b855:61:33)
    at wrappedEffect (alpinejs.js?v=4f97b855:77:27)
    at Function.<anonymous> (alpinejs.js?v=4f97b855:2993:3)
    at flushHandlers (alpinejs.js?v=4f97b855:653:46)
[Alpine] getColumnAverage(po) > 0 ? getColumnAverage(po).toFixed(2) : '-' @ VM8514:3
(anonymous) @ alpinejs.js?v=4f97b855:536
tryCatch @ alpinejs.js?v=4f97b855:435
(anonymous) @ alpinejs.js?v=4f97b855:2994
reactiveEffect @ alpinejs.js?v=4f97b855:1825
effect2 @ alpinejs.js?v=4f97b855:1800
effect @ alpinejs.js?v=4f97b855:61
wrappedEffect @ alpinejs.js?v=4f97b855:77
(anonymous) @ alpinejs.js?v=4f97b855:2993
flushHandlers @ alpinejs.js?v=4f97b855:653
stopDeferring @ alpinejs.js?v=4f97b855:658
deferHandlingDirectives @ alpinejs.js?v=4f97b855:661
initTree @ alpinejs.js?v=4f97b855:859
(anonymous) @ alpinejs.js?v=4f97b855:3265
(anonymous) @ alpinejs.js?v=4f97b855:1289
(anonymous) @ alpinejs.js?v=4f97b855:3265
mutateDom @ alpinejs.js?v=4f97b855:193
(anonymous) @ alpinejs.js?v=4f97b855:3263
runIfTypeOfFunction @ alpinejs.js?v=4f97b855:559
(anonymous) @ alpinejs.js?v=4f97b855:538
tryCatch @ alpinejs.js?v=4f97b855:435
loop @ alpinejs.js?v=4f97b855:3162
(anonymous) @ alpinejs.js?v=4f97b855:3147
reactiveEffect @ alpinejs.js?v=4f97b855:1825
effect2 @ alpinejs.js?v=4f97b855:1800
effect @ alpinejs.js?v=4f97b855:61
wrappedEffect @ alpinejs.js?v=4f97b855:77
(anonymous) @ alpinejs.js?v=4f97b855:3147
flushHandlers @ alpinejs.js?v=4f97b855:653
stopDeferring @ alpinejs.js?v=4f97b855:658
deferHandlingDirectives @ alpinejs.js?v=4f97b855:661
initTree @ alpinejs.js?v=4f97b855:859
(anonymous) @ alpinejs.js?v=4f97b855:805
start @ alpinejs.js?v=4f97b855:804
(anonymous) @ app.js:6Understand this error
alpinejs.js?v=4f97b855:456 Uncaught ReferenceError: getColumnAverage is not defined
    at [Alpine] {
                                    'bg-green-100 text-green-800': getColumnAverage(po) >= 2.5,
                                    'bg-yellow-100 text-yellow-800': getColumnAverage(po) >= 1.5 && getColumnAverage(po) < 2.5,
                                    'bg-orange-100 text-orange-800': getColumnAverage(po) > 0 && getColumnAverage(po) < 1.5,
                                    'bg-gray-100 text-gray-500': getColumnAverage(po) === 0
                                } (eval at safeAsyncFunction (http://[::1]:5173/node_modules/.vite/deps/alpinejs.js?v=4f97b855:511:19), <anonymous>:4:89)
    at http://[::1]:5173/node_modules/.vite/deps/alpinejs.js?v=4f97b855:536:26
    at tryCatch (http://[::1]:5173/node_modules/.vite/deps/alpinejs.js?v=4f97b855:435:12)
    at http://[::1]:5173/node_modules/.vite/deps/alpinejs.js?v=4f97b855:3031:17
    at reactiveEffect (http://[::1]:5173/node_modules/.vite/deps/alpinejs.js?v=4f97b855:1825:16)
    at Object.effect2 [as effect] (http://[::1]:5173/node_modules/.vite/deps/alpinejs.js?v=4f97b855:1800:5)
    at effect (http://[::1]:5173/node_modules/.vite/deps/alpinejs.js?v=4f97b855:61:33)
    at wrappedEffect (http://[::1]:5173/node_modules/.vite/deps/alpinejs.js?v=4f97b855:77:27)
    at handler2 (http://[::1]:5173/node_modules/.vite/deps/alpinejs.js?v=4f97b855:3031:3)
    at flushHandlers (http://[::1]:5173/node_modules/.vite/deps/alpinejs.js?v=4f97b855:653:46)
[Alpine] {
                                    'bg-green-100 text-green-800': getColumnAverage(po) >= 2.5,
                                    'bg-yellow-100 text-yellow-800': getColumnAverage(po) >= 1.5 && getColumnAverage(po) < 2.5,
                                    'bg-orange-100 text-orange-800': getColumnAverage(po) > 0 && getColumnAverage(po) < 1.5,
                                    'bg-gray-100 text-gray-500': getColumnAverage(po) === 0
                                } @ VM8513:4
(anonymous) @ alpinejs.js?v=4f97b855:536
tryCatch @ alpinejs.js?v=4f97b855:435
(anonymous) @ alpinejs.js?v=4f97b855:3031
reactiveEffect @ alpinejs.js?v=4f97b855:1825
effect2 @ alpinejs.js?v=4f97b855:1800
effect @ alpinejs.js?v=4f97b855:61
wrappedEffect @ alpinejs.js?v=4f97b855:77
handler2 @ alpinejs.js?v=4f97b855:3031
flushHandlers @ alpinejs.js?v=4f97b855:653
stopDeferring @ alpinejs.js?v=4f97b855:658
deferHandlingDirectives @ alpinejs.js?v=4f97b855:661
initTree @ alpinejs.js?v=4f97b855:859
(anonymous) @ alpinejs.js?v=4f97b855:3265
(anonymous) @ alpinejs.js?v=4f97b855:1289
(anonymous) @ alpinejs.js?v=4f97b855:3265
mutateDom @ alpinejs.js?v=4f97b855:193
(anonymous) @ alpinejs.js?v=4f97b855:3263
runIfTypeOfFunction @ alpinejs.js?v=4f97b855:559
(anonymous) @ alpinejs.js?v=4f97b855:538
tryCatch @ alpinejs.js?v=4f97b855:435
loop @ alpinejs.js?v=4f97b855:3162
(anonymous) @ alpinejs.js?v=4f97b855:3147
reactiveEffect @ alpinejs.js?v=4f97b855:1825
effect2 @ alpinejs.js?v=4f97b855:1800
effect @ alpinejs.js?v=4f97b855:61
wrappedEffect @ alpinejs.js?v=4f97b855:77
(anonymous) @ alpinejs.js?v=4f97b855:3147
flushHandlers @ alpinejs.js?v=4f97b855:653
stopDeferring @ alpinejs.js?v=4f97b855:658
deferHandlingDirectives @ alpinejs.js?v=4f97b855:661
initTree @ alpinejs.js?v=4f97b855:859
(anonymous) @ alpinejs.js?v=4f97b855:805
start @ alpinejs.js?v=4f97b855:804
(anonymous) @ app.js:6Understand this error
alpinejs.js?v=4f97b855:456 Uncaught ReferenceError: getColumnAverage is not defined
    at [Alpine] getColumnAverage(po) > 0 ? getColumnAverage(po).toFixed(2) : '-' (eval at safeAsyncFunction (http://[::1]:5173/node_modules/.vite/deps/alpinejs.js?v=4f97b855:511:19), <anonymous>:3:16)
    at alpinejs.js?v=4f97b855:536:26
    at tryCatch (alpinejs.js?v=4f97b855:435:12)
    at alpinejs.js?v=4f97b855:2994:5
    at reactiveEffect (alpinejs.js?v=4f97b855:1825:16)
    at Object.effect2 [as effect] (alpinejs.js?v=4f97b855:1800:5)
    at effect (alpinejs.js?v=4f97b855:61:33)
    at wrappedEffect (alpinejs.js?v=4f97b855:77:27)
    at Function.<anonymous> (alpinejs.js?v=4f97b855:2993:3)
    at flushHandlers (alpinejs.js?v=4f97b855:653:46)
[Alpine] getColumnAverage(po) > 0 ? getColumnAverage(po).toFixed(2) : '-' @ VM8514:3
(anonymous) @ alpinejs.js?v=4f97b855:536
tryCatch @ alpinejs.js?v=4f97b855:435
(anonymous) @ alpinejs.js?v=4f97b855:2994
reactiveEffect @ alpinejs.js?v=4f97b855:1825
effect2 @ alpinejs.js?v=4f97b855:1800
effect @ alpinejs.js?v=4f97b855:61
wrappedEffect @ alpinejs.js?v=4f97b855:77
(anonymous) @ alpinejs.js?v=4f97b855:2993
flushHandlers @ alpinejs.js?v=4f97b855:653
stopDeferring @ alpinejs.js?v=4f97b855:658
deferHandlingDirectives @ alpinejs.js?v=4f97b855:661
initTree @ alpinejs.js?v=4f97b855:859
(anonymous) @ alpinejs.js?v=4f97b855:3265
(anonymous) @ alpinejs.js?v=4f97b855:1289
(anonymous) @ alpinejs.js?v=4f97b855:3265
mutateDom @ alpinejs.js?v=4f97b855:193
(anonymous) @ alpinejs.js?v=4f97b855:3263
runIfTypeOfFunction @ alpinejs.js?v=4f97b855:559
(anonymous) @ alpinejs.js?v=4f97b855:538
tryCatch @ alpinejs.js?v=4f97b855:435
loop @ alpinejs.js?v=4f97b855:3162
(anonymous) @ alpinejs.js?v=4f97b855:3147
reactiveEffect @ alpinejs.js?v=4f97b855:1825
effect2 @ alpinejs.js?v=4f97b855:1800
effect @ alpinejs.js?v=4f97b855:61
wrappedEffect @ alpinejs.js?v=4f97b855:77
(anonymous) @ alpinejs.js?v=4f97b855:3147
flushHandlers @ alpinejs.js?v=4f97b855:653
stopDeferring @ alpinejs.js?v=4f97b855:658
deferHandlingDirectives @ alpinejs.js?v=4f97b855:661
initTree @ alpinejs.js?v=4f97b855:859
(anonymous) @ alpinejs.js?v=4f97b855:805
start @ alpinejs.js?v=4f97b855:804
(anonymous) @ app.js:6Understand this error
alpinejs.js?v=4f97b855:456 Uncaught ReferenceError: getColumnAverage is not defined
    at [Alpine] {
                                    'bg-green-100 text-green-800': getColumnAverage(po) >= 2.5,
                                    'bg-yellow-100 text-yellow-800': getColumnAverage(po) >= 1.5 && getColumnAverage(po) < 2.5,
                                    'bg-orange-100 text-orange-800': getColumnAverage(po) > 0 && getColumnAverage(po) < 1.5,
                                    'bg-gray-100 text-gray-500': getColumnAverage(po) === 0
                                } (eval at safeAsyncFunction (http://[::1]:5173/node_modules/.vite/deps/alpinejs.js?v=4f97b855:511:19), <anonymous>:4:89)
    at http://[::1]:5173/node_modules/.vite/deps/alpinejs.js?v=4f97b855:536:26
    at tryCatch (http://[::1]:5173/node_modules/.vite/deps/alpinejs.js?v=4f97b855:435:12)
    at http://[::1]:5173/node_modules/.vite/deps/alpinejs.js?v=4f97b855:3031:17
    at reactiveEffect (http://[::1]:5173/node_modules/.vite/deps/alpinejs.js?v=4f97b855:1825:16)
    at Object.effect2 [as effect] (http://[::1]:5173/node_modules/.vite/deps/alpinejs.js?v=4f97b855:1800:5)
    at effect (http://[::1]:5173/node_modules/.vite/deps/alpinejs.js?v=4f97b855:61:33)
    at wrappedEffect (http://[::1]:5173/node_modules/.vite/deps/alpinejs.js?v=4f97b855:77:27)
    at handler2 (http://[::1]:5173/node_modules/.vite/deps/alpinejs.js?v=4f97b855:3031:3)
    at flushHandlers (http://[::1]:5173/node_modules/.vite/deps/alpinejs.js?v=4f97b855:653:46)
[Alpine] {
                                    'bg-green-100 text-green-800': getColumnAverage(po) >= 2.5,
                                    'bg-yellow-100 text-yellow-800': getColumnAverage(po) >= 1.5 && getColumnAverage(po) < 2.5,
                                    'bg-orange-100 text-orange-800': getColumnAverage(po) > 0 && getColumnAverage(po) < 1.5,
                                    'bg-gray-100 text-gray-500': getColumnAverage(po) === 0
                                } @ VM8513:4
(anonymous) @ alpinejs.js?v=4f97b855:536
tryCatch @ alpinejs.js?v=4f97b855:435
(anonymous) @ alpinejs.js?v=4f97b855:3031
reactiveEffect @ alpinejs.js?v=4f97b855:1825
effect2 @ alpinejs.js?v=4f97b855:1800
effect @ alpinejs.js?v=4f97b855:61
wrappedEffect @ alpinejs.js?v=4f97b855:77
handler2 @ alpinejs.js?v=4f97b855:3031
flushHandlers @ alpinejs.js?v=4f97b855:653
stopDeferring @ alpinejs.js?v=4f97b855:658
deferHandlingDirectives @ alpinejs.js?v=4f97b855:661
initTree @ alpinejs.js?v=4f97b855:859
(anonymous) @ alpinejs.js?v=4f97b855:3265
(anonymous) @ alpinejs.js?v=4f97b855:1289
(anonymous) @ alpinejs.js?v=4f97b855:3265
mutateDom @ alpinejs.js?v=4f97b855:193
(anonymous) @ alpinejs.js?v=4f97b855:3263
runIfTypeOfFunction @ alpinejs.js?v=4f97b855:559
(anonymous) @ alpinejs.js?v=4f97b855:538
tryCatch @ alpinejs.js?v=4f97b855:435
loop @ alpinejs.js?v=4f97b855:3162
(anonymous) @ alpinejs.js?v=4f97b855:3147
reactiveEffect @ alpinejs.js?v=4f97b855:1825
effect2 @ alpinejs.js?v=4f97b855:1800
effect @ alpinejs.js?v=4f97b855:61
wrappedEffect @ alpinejs.js?v=4f97b855:77
(anonymous) @ alpinejs.js?v=4f97b855:3147
flushHandlers @ alpinejs.js?v=4f97b855:653
stopDeferring @ alpinejs.js?v=4f97b855:658
deferHandlingDirectives @ alpinejs.js?v=4f97b855:661
initTree @ alpinejs.js?v=4f97b855:859
(anonymous) @ alpinejs.js?v=4f97b855:805
start @ alpinejs.js?v=4f97b855:804
(anonymous) @ app.js:6Understand this error
alpinejs.js?v=4f97b855:456 Uncaught ReferenceError: getColumnAverage is not defined
    at [Alpine] getColumnAverage(po) > 0 ? getColumnAverage(po).toFixed(2) : '-' (eval at safeAsyncFunction (http://[::1]:5173/node_modules/.vite/deps/alpinejs.js?v=4f97b855:511:19), <anonymous>:3:16)
    at alpinejs.js?v=4f97b855:536:26
    at tryCatch (alpinejs.js?v=4f97b855:435:12)
    at alpinejs.js?v=4f97b855:2994:5
    at reactiveEffect (alpinejs.js?v=4f97b855:1825:16)
    at Object.effect2 [as effect] (alpinejs.js?v=4f97b855:1800:5)
    at effect (alpinejs.js?v=4f97b855:61:33)
    at wrappedEffect (alpinejs.js?v=4f97b855:77:27)
    at Function.<anonymous> (alpinejs.js?v=4f97b855:2993:3)
    at flushHandlers (alpinejs.js?v=4f97b855:653:46)
[Alpine] getColumnAverage(po) > 0 ? getColumnAverage(po).toFixed(2) : '-' @ VM8514:3
(anonymous) @ alpinejs.js?v=4f97b855:536
tryCatch @ alpinejs.js?v=4f97b855:435
(anonymous) @ alpinejs.js?v=4f97b855:2994
reactiveEffect @ alpinejs.js?v=4f97b855:1825
effect2 @ alpinejs.js?v=4f97b855:1800
effect @ alpinejs.js?v=4f97b855:61
wrappedEffect @ alpinejs.js?v=4f97b855:77
(anonymous) @ alpinejs.js?v=4f97b855:2993
flushHandlers @ alpinejs.js?v=4f97b855:653
stopDeferring @ alpinejs.js?v=4f97b855:658
deferHandlingDirectives @ alpinejs.js?v=4f97b855:661
initTree @ alpinejs.js?v=4f97b855:859
(anonymous) @ alpinejs.js?v=4f97b855:3265
(anonymous) @ alpinejs.js?v=4f97b855:1289
(anonymous) @ alpinejs.js?v=4f97b855:3265
mutateDom @ alpinejs.js?v=4f97b855:193
(anonymous) @ alpinejs.js?v=4f97b855:3263
runIfTypeOfFunction @ alpinejs.js?v=4f97b855:559
(anonymous) @ alpinejs.js?v=4f97b855:538
tryCatch @ alpinejs.js?v=4f97b855:435
loop @ alpinejs.js?v=4f97b855:3162
(anonymous) @ alpinejs.js?v=4f97b855:3147
reactiveEffect @ alpinejs.js?v=4f97b855:1825
effect2 @ alpinejs.js?v=4f97b855:1800
effect @ alpinejs.js?v=4f97b855:61
wrappedEffect @ alpinejs.js?v=4f97b855:77
(anonymous) @ alpinejs.js?v=4f97b855:3147
flushHandlers @ alpinejs.js?v=4f97b855:653
stopDeferring @ alpinejs.js?v=4f97b855:658
deferHandlingDirectives @ alpinejs.js?v=4f97b855:661
initTree @ alpinejs.js?v=4f97b855:859
(anonymous) @ alpinejs.js?v=4f97b855:805
start @ alpinejs.js?v=4f97b855:804
(anonymous) @ app.js:6Understand this error
alpinejs.js?v=4f97b855:456 Uncaught ReferenceError: getColumnAverage is not defined
    at [Alpine] {
                                    'bg-green-100 text-green-800': getColumnAverage(po) >= 2.5,
                                    'bg-yellow-100 text-yellow-800': getColumnAverage(po) >= 1.5 && getColumnAverage(po) < 2.5,
                                    'bg-orange-100 text-orange-800': getColumnAverage(po) > 0 && getColumnAverage(po) < 1.5,
                                    'bg-gray-100 text-gray-500': getColumnAverage(po) === 0
                                } (eval at safeAsyncFunction (http://[::1]:5173/node_modules/.vite/deps/alpinejs.js?v=4f97b855:511:19), <anonymous>:4:89)
    at http://[::1]:5173/node_modules/.vite/deps/alpinejs.js?v=4f97b855:536:26
    at tryCatch (http://[::1]:5173/node_modules/.vite/deps/alpinejs.js?v=4f97b855:435:12)
    at http://[::1]:5173/node_modules/.vite/deps/alpinejs.js?v=4f97b855:3031:17
    at reactiveEffect (http://[::1]:5173/node_modules/.vite/deps/alpinejs.js?v=4f97b855:1825:16)
    at Object.effect2 [as effect] (http://[::1]:5173/node_modules/.vite/deps/alpinejs.js?v=4f97b855:1800:5)
    at effect (http://[::1]:5173/node_modules/.vite/deps/alpinejs.js?v=4f97b855:61:33)
    at wrappedEffect (http://[::1]:5173/node_modules/.vite/deps/alpinejs.js?v=4f97b855:77:27)
    at handler2 (http://[::1]:5173/node_modules/.vite/deps/alpinejs.js?v=4f97b855:3031:3)
    at flushHandlers (http://[::1]:5173/node_modules/.vite/deps/alpinejs.js?v=4f97b855:653:46)
[Alpine] {
                                    'bg-green-100 text-green-800': getColumnAverage(po) >= 2.5,
                                    'bg-yellow-100 text-yellow-800': getColumnAverage(po) >= 1.5 && getColumnAverage(po) < 2.5,
                                    'bg-orange-100 text-orange-800': getColumnAverage(po) > 0 && getColumnAverage(po) < 1.5,
                                    'bg-gray-100 text-gray-500': getColumnAverage(po) === 0
                                } @ VM8513:4
(anonymous) @ alpinejs.js?v=4f97b855:536
tryCatch @ alpinejs.js?v=4f97b855:435
(anonymous) @ alpinejs.js?v=4f97b855:3031
reactiveEffect @ alpinejs.js?v=4f97b855:1825
effect2 @ alpinejs.js?v=4f97b855:1800
effect @ alpinejs.js?v=4f97b855:61
wrappedEffect @ alpinejs.js?v=4f97b855:77
handler2 @ alpinejs.js?v=4f97b855:3031
flushHandlers @ alpinejs.js?v=4f97b855:653
stopDeferring @ alpinejs.js?v=4f97b855:658
deferHandlingDirectives @ alpinejs.js?v=4f97b855:661
initTree @ alpinejs.js?v=4f97b855:859
(anonymous) @ alpinejs.js?v=4f97b855:3265
(anonymous) @ alpinejs.js?v=4f97b855:1289
(anonymous) @ alpinejs.js?v=4f97b855:3265
mutateDom @ alpinejs.js?v=4f97b855:193
(anonymous) @ alpinejs.js?v=4f97b855:3263
runIfTypeOfFunction @ alpinejs.js?v=4f97b855:559
(anonymous) @ alpinejs.js?v=4f97b855:538
tryCatch @ alpinejs.js?v=4f97b855:435
loop @ alpinejs.js?v=4f97b855:3162
(anonymous) @ alpinejs.js?v=4f97b855:3147
reactiveEffect @ alpinejs.js?v=4f97b855:1825
effect2 @ alpinejs.js?v=4f97b855:1800
effect @ alpinejs.js?v=4f97b855:61
wrappedEffect @ alpinejs.js?v=4f97b855:77
(anonymous) @ alpinejs.js?v=4f97b855:3147
flushHandlers @ alpinejs.js?v=4f97b855:653
stopDeferring @ alpinejs.js?v=4f97b855:658
deferHandlingDirectives @ alpinejs.js?v=4f97b855:661
initTree @ alpinejs.js?v=4f97b855:859
(anonymous) @ alpinejs.js?v=4f97b855:805
start @ alpinejs.js?v=4f97b855:804
(anonymous) @ app.js:6Understand this error
alpinejs.js?v=4f97b855:456 Uncaught ReferenceError: getColumnAverage is not defined
    at [Alpine] getColumnAverage(po) > 0 ? getColumnAverage(po).toFixed(2) : '-' (eval at safeAsyncFunction (http://[::1]:5173/node_modules/.vite/deps/alpinejs.js?v=4f97b855:511:19), <anonymous>:3:16)
    at alpinejs.js?v=4f97b855:536:26
    at tryCatch (alpinejs.js?v=4f97b855:435:12)
    at alpinejs.js?v=4f97b855:2994:5
    at reactiveEffect (alpinejs.js?v=4f97b855:1825:16)
    at Object.effect2 [as effect] (alpinejs.js?v=4f97b855:1800:5)
    at effect (alpinejs.js?v=4f97b855:61:33)
    at wrappedEffect (alpinejs.js?v=4f97b855:77:27)
    at Function.<anonymous> (alpinejs.js?v=4f97b855:2993:3)
    at flushHandlers (alpinejs.js?v=4f97b855:653:46)
[Alpine] getColumnAverage(po) > 0 ? getColumnAverage(po).toFixed(2) : '-' @ VM8514:3
(anonymous) @ alpinejs.js?v=4f97b855:536
tryCatch @ alpinejs.js?v=4f97b855:435
(anonymous) @ alpinejs.js?v=4f97b855:2994
reactiveEffect @ alpinejs.js?v=4f97b855:1825
effect2 @ alpinejs.js?v=4f97b855:1800
effect @ alpinejs.js?v=4f97b855:61
wrappedEffect @ alpinejs.js?v=4f97b855:77
(anonymous) @ alpinejs.js?v=4f97b855:2993
flushHandlers @ alpinejs.js?v=4f97b855:653
stopDeferring @ alpinejs.js?v=4f97b855:658
deferHandlingDirectives @ alpinejs.js?v=4f97b855:661
initTree @ alpinejs.js?v=4f97b855:859
(anonymous) @ alpinejs.js?v=4f97b855:3265
(anonymous) @ alpinejs.js?v=4f97b855:1289
(anonymous) @ alpinejs.js?v=4f97b855:3265
mutateDom @ alpinejs.js?v=4f97b855:193
(anonymous) @ alpinejs.js?v=4f97b855:3263
runIfTypeOfFunction @ alpinejs.js?v=4f97b855:559
(anonymous) @ alpinejs.js?v=4f97b855:538
tryCatch @ alpinejs.js?v=4f97b855:435
loop @ alpinejs.js?v=4f97b855:3162
(anonymous) @ alpinejs.js?v=4f97b855:3147
reactiveEffect @ alpinejs.js?v=4f97b855:1825
effect2 @ alpinejs.js?v=4f97b855:1800
effect @ alpinejs.js?v=4f97b855:61
wrappedEffect @ alpinejs.js?v=4f97b855:77
(anonymous) @ alpinejs.js?v=4f97b855:3147
flushHandlers @ alpinejs.js?v=4f97b855:653
stopDeferring @ alpinejs.js?v=4f97b855:658
deferHandlingDirectives @ alpinejs.js?v=4f97b855:661
initTree @ alpinejs.js?v=4f97b855:859
(anonymous) @ alpinejs.js?v=4f97b855:805
start @ alpinejs.js?v=4f97b855:804
(anonymous) @ app.js:6Understand this error
alpinejs.js?v=4f97b855:456 Uncaught ReferenceError: getColumnAverage is not defined
    at [Alpine] {
                                    'bg-green-100 text-green-800': getColumnAverage(pso) >= 2.5,
                                    'bg-yellow-100 text-yellow-800': getColumnAverage(pso) >= 1.5 && getColumnAverage(pso) < 2.5,
                                    'bg-orange-100 text-orange-800': getColumnAverage(pso) > 0 && getColumnAverage(pso) < 1.5,
                                    'bg-gray-100 text-gray-500': getColumnAverage(pso) === 0
                                } (eval at safeAsyncFunction (http://[::1]:5173/node_modules/.vite/deps/alpinejs.js?v=4f97b855:511:19), <anonymous>:4:90)
    at http://[::1]:5173/node_modules/.vite/deps/alpinejs.js?v=4f97b855:536:26
    at tryCatch (http://[::1]:5173/node_modules/.vite/deps/alpinejs.js?v=4f97b855:435:12)
    at http://[::1]:5173/node_modules/.vite/deps/alpinejs.js?v=4f97b855:3031:17
    at reactiveEffect (http://[::1]:5173/node_modules/.vite/deps/alpinejs.js?v=4f97b855:1825:16)
    at Object.effect2 [as effect] (http://[::1]:5173/node_modules/.vite/deps/alpinejs.js?v=4f97b855:1800:5)
    at effect (http://[::1]:5173/node_modules/.vite/deps/alpinejs.js?v=4f97b855:61:33)
    at wrappedEffect (http://[::1]:5173/node_modules/.vite/deps/alpinejs.js?v=4f97b855:77:27)
    at handler2 (http://[::1]:5173/node_modules/.vite/deps/alpinejs.js?v=4f97b855:3031:3)
    at flushHandlers (http://[::1]:5173/node_modules/.vite/deps/alpinejs.js?v=4f97b855:653:46)
[Alpine] {
                                    'bg-green-100 text-green-800': getColumnAverage(pso) >= 2.5,
                                    'bg-yellow-100 text-yellow-800': getColumnAverage(pso) >= 1.5 && getColumnAverage(pso) < 2.5,
                                    'bg-orange-100 text-orange-800': getColumnAverage(pso) > 0 && getColumnAverage(pso) < 1.5,
                                    'bg-gray-100 text-gray-500': getColumnAverage(pso) === 0
                                } @ VM8517:4
(anonymous) @ alpinejs.js?v=4f97b855:536
tryCatch @ alpinejs.js?v=4f97b855:435
(anonymous) @ alpinejs.js?v=4f97b855:3031
reactiveEffect @ alpinejs.js?v=4f97b855:1825
effect2 @ alpinejs.js?v=4f97b855:1800
effect @ alpinejs.js?v=4f97b855:61
wrappedEffect @ alpinejs.js?v=4f97b855:77
handler2 @ alpinejs.js?v=4f97b855:3031
flushHandlers @ alpinejs.js?v=4f97b855:653
stopDeferring @ alpinejs.js?v=4f97b855:658
deferHandlingDirectives @ alpinejs.js?v=4f97b855:661
initTree @ alpinejs.js?v=4f97b855:859
(anonymous) @ alpinejs.js?v=4f97b855:3265
(anonymous) @ alpinejs.js?v=4f97b855:1289
(anonymous) @ alpinejs.js?v=4f97b855:3265
mutateDom @ alpinejs.js?v=4f97b855:193
(anonymous) @ alpinejs.js?v=4f97b855:3263
runIfTypeOfFunction @ alpinejs.js?v=4f97b855:559
(anonymous) @ alpinejs.js?v=4f97b855:538
tryCatch @ alpinejs.js?v=4f97b855:435
loop @ alpinejs.js?v=4f97b855:3162
(anonymous) @ alpinejs.js?v=4f97b855:3147
reactiveEffect @ alpinejs.js?v=4f97b855:1825
effect2 @ alpinejs.js?v=4f97b855:1800
effect @ alpinejs.js?v=4f97b855:61
wrappedEffect @ alpinejs.js?v=4f97b855:77
(anonymous) @ alpinejs.js?v=4f97b855:3147
flushHandlers @ alpinejs.js?v=4f97b855:653
stopDeferring @ alpinejs.js?v=4f97b855:658
deferHandlingDirectives @ alpinejs.js?v=4f97b855:661
initTree @ alpinejs.js?v=4f97b855:859
(anonymous) @ alpinejs.js?v=4f97b855:805
start @ alpinejs.js?v=4f97b855:804
(anonymous) @ app.js:6Understand this error
alpinejs.js?v=4f97b855:456 Uncaught ReferenceError: getColumnAverage is not defined
    at [Alpine] getColumnAverage(pso) > 0 ? getColumnAverage(pso).toFixed(2) : '-' (eval at safeAsyncFunction (http://[::1]:5173/node_modules/.vite/deps/alpinejs.js?v=4f97b855:511:19), <anonymous>:3:16)
    at alpinejs.js?v=4f97b855:536:26
    at tryCatch (alpinejs.js?v=4f97b855:435:12)
    at alpinejs.js?v=4f97b855:2994:5
    at reactiveEffect (alpinejs.js?v=4f97b855:1825:16)
    at Object.effect2 [as effect] (alpinejs.js?v=4f97b855:1800:5)
    at effect (alpinejs.js?v=4f97b855:61:33)
    at wrappedEffect (alpinejs.js?v=4f97b855:77:27)
    at Function.<anonymous> (alpinejs.js?v=4f97b855:2993:3)
    at flushHandlers (alpinejs.js?v=4f97b855:653:46)
[Alpine] getColumnAverage(pso) > 0 ? getColumnAverage(pso).toFixed(2) : '-' @ VM8518:3
(anonymous) @ alpinejs.js?v=4f97b855:536
tryCatch @ alpinejs.js?v=4f97b855:435
(anonymous) @ alpinejs.js?v=4f97b855:2994
reactiveEffect @ alpinejs.js?v=4f97b855:1825
effect2 @ alpinejs.js?v=4f97b855:1800
effect @ alpinejs.js?v=4f97b855:61
wrappedEffect @ alpinejs.js?v=4f97b855:77
(anonymous) @ alpinejs.js?v=4f97b855:2993
flushHandlers @ alpinejs.js?v=4f97b855:653
stopDeferring @ alpinejs.js?v=4f97b855:658
deferHandlingDirectives @ alpinejs.js?v=4f97b855:661
initTree @ alpinejs.js?v=4f97b855:859
(anonymous) @ alpinejs.js?v=4f97b855:3265
(anonymous) @ alpinejs.js?v=4f97b855:1289
(anonymous) @ alpinejs.js?v=4f97b855:3265
mutateDom @ alpinejs.js?v=4f97b855:193
(anonymous) @ alpinejs.js?v=4f97b855:3263
runIfTypeOfFunction @ alpinejs.js?v=4f97b855:559
(anonymous) @ alpinejs.js?v=4f97b855:538
tryCatch @ alpinejs.js?v=4f97b855:435
loop @ alpinejs.js?v=4f97b855:3162
(anonymous) @ alpinejs.js?v=4f97b855:3147
reactiveEffect @ alpinejs.js?v=4f97b855:1825
effect2 @ alpinejs.js?v=4f97b855:1800
effect @ alpinejs.js?v=4f97b855:61
wrappedEffect @ alpinejs.js?v=4f97b855:77
(anonymous) @ alpinejs.js?v=4f97b855:3147
flushHandlers @ alpinejs.js?v=4f97b855:653
stopDeferring @ alpinejs.js?v=4f97b855:658
deferHandlingDirectives @ alpinejs.js?v=4f97b855:661
initTree @ alpinejs.js?v=4f97b855:859
(anonymous) @ alpinejs.js?v=4f97b855:805
start @ alpinejs.js?v=4f97b855:804
(anonymous) @ app.js:6Understand this error
alpinejs.js?v=4f97b855:456 Uncaught ReferenceError: getColumnAverage is not defined
    at [Alpine] {
                                    'bg-green-100 text-green-800': getColumnAverage(pso) >= 2.5,
                                    'bg-yellow-100 text-yellow-800': getColumnAverage(pso) >= 1.5 && getColumnAverage(pso) < 2.5,
                                    'bg-orange-100 text-orange-800': getColumnAverage(pso) > 0 && getColumnAverage(pso) < 1.5,
                                    'bg-gray-100 text-gray-500': getColumnAverage(pso) === 0
                                } (eval at safeAsyncFunction (http://[::1]:5173/node_modules/.vite/deps/alpinejs.js?v=4f97b855:511:19), <anonymous>:4:90)
    at http://[::1]:5173/node_modules/.vite/deps/alpinejs.js?v=4f97b855:536:26
    at tryCatch (http://[::1]:5173/node_modules/.vite/deps/alpinejs.js?v=4f97b855:435:12)
    at http://[::1]:5173/node_modules/.vite/deps/alpinejs.js?v=4f97b855:3031:17
    at reactiveEffect (http://[::1]:5173/node_modules/.vite/deps/alpinejs.js?v=4f97b855:1825:16)
    at Object.effect2 [as effect] (http://[::1]:5173/node_modules/.vite/deps/alpinejs.js?v=4f97b855:1800:5)
    at effect (http://[::1]:5173/node_modules/.vite/deps/alpinejs.js?v=4f97b855:61:33)
    at wrappedEffect (http://[::1]:5173/node_modules/.vite/deps/alpinejs.js?v=4f97b855:77:27)
    at handler2 (http://[::1]:5173/node_modules/.vite/deps/alpinejs.js?v=4f97b855:3031:3)
    at flushHandlers (http://[::1]:5173/node_modules/.vite/deps/alpinejs.js?v=4f97b855:653:46)
[Alpine] {
                                    'bg-green-100 text-green-800': getColumnAverage(pso) >= 2.5,
                                    'bg-yellow-100 text-yellow-800': getColumnAverage(pso) >= 1.5 && getColumnAverage(pso) < 2.5,
                                    'bg-orange-100 text-orange-800': getColumnAverage(pso) > 0 && getColumnAverage(pso) < 1.5,
                                    'bg-gray-100 text-gray-500': getColumnAverage(pso) === 0
                                } @ VM8517:4
(anonymous) @ alpinejs.js?v=4f97b855:536
tryCatch @ alpinejs.js?v=4f97b855:435
(anonymous) @ alpinejs.js?v=4f97b855:3031
reactiveEffect @ alpinejs.js?v=4f97b855:1825
effect2 @ alpinejs.js?v=4f97b855:1800
effect @ alpinejs.js?v=4f97b855:61
wrappedEffect @ alpinejs.js?v=4f97b855:77
handler2 @ alpinejs.js?v=4f97b855:3031
flushHandlers @ alpinejs.js?v=4f97b855:653
stopDeferring @ alpinejs.js?v=4f97b855:658
deferHandlingDirectives @ alpinejs.js?v=4f97b855:661
initTree @ alpinejs.js?v=4f97b855:859
(anonymous) @ alpinejs.js?v=4f97b855:3265
(anonymous) @ alpinejs.js?v=4f97b855:1289
(anonymous) @ alpinejs.js?v=4f97b855:3265
mutateDom @ alpinejs.js?v=4f97b855:193
(anonymous) @ alpinejs.js?v=4f97b855:3263
runIfTypeOfFunction @ alpinejs.js?v=4f97b855:559
(anonymous) @ alpinejs.js?v=4f97b855:538
tryCatch @ alpinejs.js?v=4f97b855:435
loop @ alpinejs.js?v=4f97b855:3162
(anonymous) @ alpinejs.js?v=4f97b855:3147
reactiveEffect @ alpinejs.js?v=4f97b855:1825
effect2 @ alpinejs.js?v=4f97b855:1800
effect @ alpinejs.js?v=4f97b855:61
wrappedEffect @ alpinejs.js?v=4f97b855:77
(anonymous) @ alpinejs.js?v=4f97b855:3147
flushHandlers @ alpinejs.js?v=4f97b855:653
stopDeferring @ alpinejs.js?v=4f97b855:658
deferHandlingDirectives @ alpinejs.js?v=4f97b855:661
initTree @ alpinejs.js?v=4f97b855:859
(anonymous) @ alpinejs.js?v=4f97b855:805
start @ alpinejs.js?v=4f97b855:804
(anonymous) @ app.js:6Understand this error
alpinejs.js?v=4f97b855:456 Uncaught ReferenceError: getColumnAverage is not defined
    at [Alpine] getColumnAverage(pso) > 0 ? getColumnAverage(pso).toFixed(2) : '-' (eval at safeAsyncFunction (http://[::1]:5173/node_modules/.vite/deps/alpinejs.js?v=4f97b855:511:19), <anonymous>:3:16)
    at alpinejs.js?v=4f97b855:536:26
    at tryCatch (alpinejs.js?v=4f97b855:435:12)
    at alpinejs.js?v=4f97b855:2994:5
    at reactiveEffect (alpinejs.js?v=4f97b855:1825:16)
    at Object.effect2 [as effect] (alpinejs.js?v=4f97b855:1800:5)
    at effect (alpinejs.js?v=4f97b855:61:33)
    at wrappedEffect (alpinejs.js?v=4f97b855:77:27)
    at Function.<anonymous> (alpinejs.js?v=4f97b855:2993:3)
    at flushHandlers (alpinejs.js?v=4f97b855:653:46)
[Alpine] getColumnAverage(pso) > 0 ? getColumnAverage(pso).toFixed(2) : '-' @ VM8518:3
(anonymous) @ alpinejs.js?v=4f97b855:536
tryCatch @ alpinejs.js?v=4f97b855:435
(anonymous) @ alpinejs.js?v=4f97b855:2994
reactiveEffect @ alpinejs.js?v=4f97b855:1825
effect2 @ alpinejs.js?v=4f97b855:1800
effect @ alpinejs.js?v=4f97b855:61
wrappedEffect @ alpinejs.js?v=4f97b855:77
(anonymous) @ alpinejs.js?v=4f97b855:2993
flushHandlers @ alpinejs.js?v=4f97b855:653
stopDeferring @ alpinejs.js?v=4f97b855:658
deferHandlingDirectives @ alpinejs.js?v=4f97b855:661
initTree @ alpinejs.js?v=4f97b855:859
(anonymous) @ alpinejs.js?v=4f97b855:3265
(anonymous) @ alpinejs.js?v=4f97b855:1289
(anonymous) @ alpinejs.js?v=4f97b855:3265
mutateDom @ alpinejs.js?v=4f97b855:193
(anonymous) @ alpinejs.js?v=4f97b855:3263
runIfTypeOfFunction @ alpinejs.js?v=4f97b855:559
(anonymous) @ alpinejs.js?v=4f97b855:538
tryCatch @ alpinejs.js?v=4f97b855:435
loop @ alpinejs.js?v=4f97b855:3162
(anonymous) @ alpinejs.js?v=4f97b855:3147
reactiveEffect @ alpinejs.js?v=4f97b855:1825
effect2 @ alpinejs.js?v=4f97b855:1800
effect @ alpinejs.js?v=4f97b855:61
wrappedEffect @ alpinejs.js?v=4f97b855:77
(anonymous) @ alpinejs.js?v=4f97b855:3147
flushHandlers @ alpinejs.js?v=4f97b855:653
stopDeferring @ alpinejs.js?v=4f97b855:658
deferHandlingDirectives @ alpinejs.js?v=4f97b855:661
initTree @ alpinejs.js?v=4f97b855:859
(anonymous) @ alpinejs.js?v=4f97b855:805
start @ alpinejs.js?v=4f97b855:804
(anonymous) @ app.js:6Understand this error
alpinejs.js?v=4f97b855:456 Uncaught ReferenceError: getColumnAverage is not defined
    at [Alpine] {
                                    'bg-green-100 text-green-800': getColumnAverage(pso) >= 2.5,
                                    'bg-yellow-100 text-yellow-800': getColumnAverage(pso) >= 1.5 && getColumnAverage(pso) < 2.5,
                                    'bg-orange-100 text-orange-800': getColumnAverage(pso) > 0 && getColumnAverage(pso) < 1.5,
                                    'bg-gray-100 text-gray-500': getColumnAverage(pso) === 0
                                } (eval at safeAsyncFunction (http://[::1]:5173/node_modules/.vite/deps/alpinejs.js?v=4f97b855:511:19), <anonymous>:4:90)
    at http://[::1]:5173/node_modules/.vite/deps/alpinejs.js?v=4f97b855:536:26
    at tryCatch (http://[::1]:5173/node_modules/.vite/deps/alpinejs.js?v=4f97b855:435:12)
    at http://[::1]:5173/node_modules/.vite/deps/alpinejs.js?v=4f97b855:3031:17
    at reactiveEffect (http://[::1]:5173/node_modules/.vite/deps/alpinejs.js?v=4f97b855:1825:16)
    at Object.effect2 [as effect] (http://[::1]:5173/node_modules/.vite/deps/alpinejs.js?v=4f97b855:1800:5)
    at effect (http://[::1]:5173/node_modules/.vite/deps/alpinejs.js?v=4f97b855:61:33)
    at wrappedEffect (http://[::1]:5173/node_modules/.vite/deps/alpinejs.js?v=4f97b855:77:27)
    at handler2 (http://[::1]:5173/node_modules/.vite/deps/alpinejs.js?v=4f97b855:3031:3)
    at flushHandlers (http://[::1]:5173/node_modules/.vite/deps/alpinejs.js?v=4f97b855:653:46)
[Alpine] {
                                    'bg-green-100 text-green-800': getColumnAverage(pso) >= 2.5,
                                    'bg-yellow-100 text-yellow-800': getColumnAverage(pso) >= 1.5 && getColumnAverage(pso) < 2.5,
                                    'bg-orange-100 text-orange-800': getColumnAverage(pso) > 0 && getColumnAverage(pso) < 1.5,
                                    'bg-gray-100 text-gray-500': getColumnAverage(pso) === 0
                                } @ VM8517:4
(anonymous) @ alpinejs.js?v=4f97b855:536
tryCatch @ alpinejs.js?v=4f97b855:435
(anonymous) @ alpinejs.js?v=4f97b855:3031
reactiveEffect @ alpinejs.js?v=4f97b855:1825
effect2 @ alpinejs.js?v=4f97b855:1800
effect @ alpinejs.js?v=4f97b855:61
wrappedEffect @ alpinejs.js?v=4f97b855:77
handler2 @ alpinejs.js?v=4f97b855:3031
flushHandlers @ alpinejs.js?v=4f97b855:653
stopDeferring @ alpinejs.js?v=4f97b855:658
deferHandlingDirectives @ alpinejs.js?v=4f97b855:661
initTree @ alpinejs.js?v=4f97b855:859
(anonymous) @ alpinejs.js?v=4f97b855:3265
(anonymous) @ alpinejs.js?v=4f97b855:1289
(anonymous) @ alpinejs.js?v=4f97b855:3265
mutateDom @ alpinejs.js?v=4f97b855:193
(anonymous) @ alpinejs.js?v=4f97b855:3263
runIfTypeOfFunction @ alpinejs.js?v=4f97b855:559
(anonymous) @ alpinejs.js?v=4f97b855:538
tryCatch @ alpinejs.js?v=4f97b855:435
loop @ alpinejs.js?v=4f97b855:3162
(anonymous) @ alpinejs.js?v=4f97b855:3147
reactiveEffect @ alpinejs.js?v=4f97b855:1825
effect2 @ alpinejs.js?v=4f97b855:1800
effect @ alpinejs.js?v=4f97b855:61
wrappedEffect @ alpinejs.js?v=4f97b855:77
(anonymous) @ alpinejs.js?v=4f97b855:3147
flushHandlers @ alpinejs.js?v=4f97b855:653
stopDeferring @ alpinejs.js?v=4f97b855:658
deferHandlingDirectives @ alpinejs.js?v=4f97b855:661
initTree @ alpinejs.js?v=4f97b855:859
(anonymous) @ alpinejs.js?v=4f97b855:805
start @ alpinejs.js?v=4f97b855:804
(anonymous) @ app.js:6Understand this error
alpinejs.js?v=4f97b855:456 Uncaught ReferenceError: getColumnAverage is not defined
    at [Alpine] getColumnAverage(pso) > 0 ? getColumnAverage(pso).toFixed(2) : '-' (eval at safeAsyncFunction (http://[::1]:5173/node_modules/.vite/deps/alpinejs.js?v=4f97b855:511:19), <anonymous>:3:16)
    at alpinejs.js?v=4f97b855:536:26
    at tryCatch (alpinejs.js?v=4f97b855:435:12)
    at alpinejs.js?v=4f97b855:2994:5
    at reactiveEffect (alpinejs.js?v=4f97b855:1825:16)
    at Object.effect2 [as effect] (alpinejs.js?v=4f97b855:1800:5)
    at effect (alpinejs.js?v=4f97b855:61:33)
    at wrappedEffect (alpinejs.js?v=4f97b855:77:27)
    at Function.<anonymous> (alpinejs.js?v=4f97b855:2993:3)
    at flushHandlers (alpinejs.js?v=4f97b855:653:46)
[Alpine] getColumnAverage(pso) > 0 ? getColumnAverage(pso).toFixed(2) : '-' @ VM8518:3
(anonymous) @ alpinejs.js?v=4f97b855:536
tryCatch @ alpinejs.js?v=4f97b855:435
(anonymous) @ alpinejs.js?v=4f97b855:2994
reactiveEffect @ alpinejs.js?v=4f97b855:1825
effect2 @ alpinejs.js?v=4f97b855:1800
effect @ alpinejs.js?v=4f97b855:61
wrappedEffect @ alpinejs.js?v=4f97b855:77
(anonymous) @ alpinejs.js?v=4f97b855:2993
flushHandlers @ alpinejs.js?v=4f97b855:653
stopDeferring @ alpinejs.js?v=4f97b855:658
deferHandlingDirectives @ alpinejs.js?v=4f97b855:661
initTree @ alpinejs.js?v=4f97b855:859
(anonymous) @ alpinejs.js?v=4f97b855:3265
(anonymous) @ alpinejs.js?v=4f97b855:1289
(anonymous) @ alpinejs.js?v=4f97b855:3265
mutateDom @ alpinejs.js?v=4f97b855:193
(anonymous) @ alpinejs.js?v=4f97b855:3263
runIfTypeOfFunction @ alpinejs.js?v=4f97b855:559
(anonymous) @ alpinejs.js?v=4f97b855:538
tryCatch @ alpinejs.js?v=4f97b855:435
loop @ alpinejs.js?v=4f97b855:3162
(anonymous) @ alpinejs.js?v=4f97b855:3147
reactiveEffect @ alpinejs.js?v=4f97b855:1825
effect2 @ alpinejs.js?v=4f97b855:1800
effect @ alpinejs.js?v=4f97b855:61
wrappedEffect @ alpinejs.js?v=4f97b855:77
(anonymous) @ alpinejs.js?v=4f97b855:3147
flushHandlers @ alpinejs.js?v=4f97b855:653
stopDeferring @ alpinejs.js?v=4f97b855:658
deferHandlingDirectives @ alpinejs.js?v=4f97b855:661
initTree @ alpinejs.js?v=4f97b855:859
(anonymous) @ alpinejs.js?v=4f97b855:805
start @ alpinejs.js?v=4f97b855:804
(anonymous) @ app.js:6Understand this error
alpinejs.js?v=4f97b855:456 Uncaught ReferenceError: getColumnAverage is not defined
    at [Alpine] {
                                    'bg-green-100 text-green-800': getColumnAverage(pso) >= 2.5,
                                    'bg-yellow-100 text-yellow-800': getColumnAverage(pso) >= 1.5 && getColumnAverage(pso) < 2.5,
                                    'bg-orange-100 text-orange-800': getColumnAverage(pso) > 0 && getColumnAverage(pso) < 1.5,
                                    'bg-gray-100 text-gray-500': getColumnAverage(pso) === 0
                                } (eval at safeAsyncFunction (http://[::1]:5173/node_modules/.vite/deps/alpinejs.js?v=4f97b855:511:19), <anonymous>:4:90)
    at http://[::1]:5173/node_modules/.vite/deps/alpinejs.js?v=4f97b855:536:26
    at tryCatch (http://[::1]:5173/node_modules/.vite/deps/alpinejs.js?v=4f97b855:435:12)
    at http://[::1]:5173/node_modules/.vite/deps/alpinejs.js?v=4f97b855:3031:17
    at reactiveEffect (http://[::1]:5173/node_modules/.vite/deps/alpinejs.js?v=4f97b855:1825:16)
    at Object.effect2 [as effect] (http://[::1]:5173/node_modules/.vite/deps/alpinejs.js?v=4f97b855:1800:5)
    at effect (http://[::1]:5173/node_modules/.vite/deps/alpinejs.js?v=4f97b855:61:33)
    at wrappedEffect (http://[::1]:5173/node_modules/.vite/deps/alpinejs.js?v=4f97b855:77:27)
    at handler2 (http://[::1]:5173/node_modules/.vite/deps/alpinejs.js?v=4f97b855:3031:3)
    at flushHandlers (http://[::1]:5173/node_modules/.vite/deps/alpinejs.js?v=4f97b855:653:46)
[Alpine] {
                                    'bg-green-100 text-green-800': getColumnAverage(pso) >= 2.5,
                                    'bg-yellow-100 text-yellow-800': getColumnAverage(pso) >= 1.5 && getColumnAverage(pso) < 2.5,
                                    'bg-orange-100 text-orange-800': getColumnAverage(pso) > 0 && getColumnAverage(pso) < 1.5,
                                    'bg-gray-100 text-gray-500': getColumnAverage(pso) === 0
                                } @ VM8517:4
(anonymous) @ alpinejs.js?v=4f97b855:536
tryCatch @ alpinejs.js?v=4f97b855:435
(anonymous) @ alpinejs.js?v=4f97b855:3031
reactiveEffect @ alpinejs.js?v=4f97b855:1825
effect2 @ alpinejs.js?v=4f97b855:1800
effect @ alpinejs.js?v=4f97b855:61
wrappedEffect @ alpinejs.js?v=4f97b855:77
handler2 @ alpinejs.js?v=4f97b855:3031
flushHandlers @ alpinejs.js?v=4f97b855:653
stopDeferring @ alpinejs.js?v=4f97b855:658
deferHandlingDirectives @ alpinejs.js?v=4f97b855:661
initTree @ alpinejs.js?v=4f97b855:859
(anonymous) @ alpinejs.js?v=4f97b855:3265
(anonymous) @ alpinejs.js?v=4f97b855:1289
(anonymous) @ alpinejs.js?v=4f97b855:3265
mutateDom @ alpinejs.js?v=4f97b855:193
(anonymous) @ alpinejs.js?v=4f97b855:3263
runIfTypeOfFunction @ alpinejs.js?v=4f97b855:559
(anonymous) @ alpinejs.js?v=4f97b855:538
tryCatch @ alpinejs.js?v=4f97b855:435
loop @ alpinejs.js?v=4f97b855:3162
(anonymous) @ alpinejs.js?v=4f97b855:3147
reactiveEffect @ alpinejs.js?v=4f97b855:1825
effect2 @ alpinejs.js?v=4f97b855:1800
effect @ alpinejs.js?v=4f97b855:61
wrappedEffect @ alpinejs.js?v=4f97b855:77
(anonymous) @ alpinejs.js?v=4f97b855:3147
flushHandlers @ alpinejs.js?v=4f97b855:653
stopDeferring @ alpinejs.js?v=4f97b855:658
deferHandlingDirectives @ alpinejs.js?v=4f97b855:661
initTree @ alpinejs.js?v=4f97b855:859
(anonymous) @ alpinejs.js?v=4f97b855:805
start @ alpinejs.js?v=4f97b855:804
(anonymous) @ app.js:6Understand this error
alpinejs.js?v=4f97b855:456 Uncaught ReferenceError: getColumnAverage is not defined
    at [Alpine] getColumnAverage(pso) > 0 ? getColumnAverage(pso).toFixed(2) : '-' (eval at safeAsyncFunction (http://[::1]:5173/node_modules/.vite/deps/alpinejs.js?v=4f97b855:511:19), <anonymous>:3:16)
    at alpinejs.js?v=4f97b855:536:26
    at tryCatch (alpinejs.js?v=4f97b855:435:12)
    at alpinejs.js?v=4f97b855:2994:5
    at reactiveEffect (alpinejs.js?v=4f97b855:1825:16)
    at Object.effect2 [as effect] (alpinejs.js?v=4f97b855:1800:5)
    at effect (alpinejs.js?v=4f97b855:61:33)
    at wrappedEffect (alpinejs.js?v=4f97b855:77:27)
    at Function.<anonymous> (alpinejs.js?v=4f97b855:2993:3)
    at flushHandlers (alpinejs.js?v=4f97b855:653:46)
[Alpine] getColumnAverage(pso) > 0 ? getColumnAverage(pso).toFixed(2) : '-' @ VM8518:3
(anonymous) @ alpinejs.js?v=4f97b855:536
tryCatch @ alpinejs.js?v=4f97b855:435
(anonymous) @ alpinejs.js?v=4f97b855:2994
reactiveEffect @ alpinejs.js?v=4f97b855:1825
effect2 @ alpinejs.js?v=4f97b855:1800
effect @ alpinejs.js?v=4f97b855:61
wrappedEffect @ alpinejs.js?v=4f97b855:77
(anonymous) @ alpinejs.js?v=4f97b855:2993
flushHandlers @ alpinejs.js?v=4f97b855:653
stopDeferring @ alpinejs.js?v=4f97b855:658
deferHandlingDirectives @ alpinejs.js?v=4f97b855:661
initTree @ alpinejs.js?v=4f97b855:859
(anonymous) @ alpinejs.js?v=4f97b855:3265
(anonymous) @ alpinejs.js?v=4f97b855:1289
(anonymous) @ alpinejs.js?v=4f97b855:3265
mutateDom @ alpinejs.js?v=4f97b855:193
(anonymous) @ alpinejs.js?v=4f97b855:3263
runIfTypeOfFunction @ alpinejs.js?v=4f97b855:559
(anonymous) @ alpinejs.js?v=4f97b855:538
tryCatch @ alpinejs.js?v=4f97b855:435
loop @ alpinejs.js?v=4f97b855:3162
(anonymous) @ alpinejs.js?v=4f97b855:3147
reactiveEffect @ alpinejs.js?v=4f97b855:1825
effect2 @ alpinejs.js?v=4f97b855:1800
effect @ alpinejs.js?v=4f97b855:61
wrappedEffect @ alpinejs.js?v=4f97b855:77
(anonymous) @ alpinejs.js?v=4f97b855:3147
flushHandlers @ alpinejs.js?v=4f97b855:653
stopDeferring @ alpinejs.js?v=4f97b855:658
deferHandlingDirectives @ alpinejs.js?v=4f97b855:661
initTree @ alpinejs.js?v=4f97b855:859
(anonymous) @ alpinejs.js?v=4f97b855:805
start @ alpinejs.js?v=4f97b855:804
(anonymous) @ app.js:6Understand this error
alpinejs.js?v=4f97b855:456 Uncaught TypeError: Cannot read properties of undefined (reading 'length')
    at [Alpine] form.course_outcomes.length >= 3 (eval at safeAsyncFunction (alpinejs.js?v=4f97b855:511:19), <anonymous>:3:53)
    at alpinejs.js?v=4f97b855:536:26
    at tryCatch (alpinejs.js?v=4f97b855:435:12)
    at alpinejs.js?v=4f97b855:3127:17
    at reactiveEffect (alpinejs.js?v=4f97b855:1825:16)
    at Object.effect2 [as effect] (alpinejs.js?v=4f97b855:1800:5)
    at effect (alpinejs.js?v=4f97b855:61:33)
    at wrappedEffect (alpinejs.js?v=4f97b855:77:27)
    at Function.<anonymous> (alpinejs.js?v=4f97b855:3127:3)
    at flushHandlers (alpinejs.js?v=4f97b855:653:46)
[Alpine] form.course_outcomes.length >= 3 @ VM8504:3
(anonymous) @ alpinejs.js?v=4f97b855:536
tryCatch @ alpinejs.js?v=4f97b855:435
(anonymous) @ alpinejs.js?v=4f97b855:3127
reactiveEffect @ alpinejs.js?v=4f97b855:1825
effect2 @ alpinejs.js?v=4f97b855:1800
effect @ alpinejs.js?v=4f97b855:61
wrappedEffect @ alpinejs.js?v=4f97b855:77
(anonymous) @ alpinejs.js?v=4f97b855:3127
flushHandlers @ alpinejs.js?v=4f97b855:653
stopDeferring @ alpinejs.js?v=4f97b855:658
deferHandlingDirectives @ alpinejs.js?v=4f97b855:661
initTree @ alpinejs.js?v=4f97b855:859
(anonymous) @ alpinejs.js?v=4f97b855:805
start @ alpinejs.js?v=4f97b855:804
(anonymous) @ app.js:6Understand this error
alpinejs.js?v=4f97b855:456 Uncaught ReferenceError: getMappingCompletionStatus is not defined
    at [Alpine] getMappingCompletionStatus().complete ? 'bg-green-50' : 'bg-yellow-50' (eval at safeAsyncFunction (http://[::1]:5173/node_modules/.vite/deps/alpinejs.js?v=4f97b855:511:19), <anonymous>:3:16)
    at alpinejs.js?v=4f97b855:536:26
    at tryCatch (alpinejs.js?v=4f97b855:435:12)
    at alpinejs.js?v=4f97b855:3031:17
    at reactiveEffect (alpinejs.js?v=4f97b855:1825:16)
    at Object.effect2 [as effect] (alpinejs.js?v=4f97b855:1800:5)
    at effect (alpinejs.js?v=4f97b855:61:33)
    at wrappedEffect (alpinejs.js?v=4f97b855:77:27)
    at handler2 (alpinejs.js?v=4f97b855:3031:3)
    at flushHandlers (alpinejs.js?v=4f97b855:653:46)
[Alpine] getMappingCompletionStatus().complete ? 'bg-green-50' : 'bg-yellow-50' @ VM8519:3
(anonymous) @ alpinejs.js?v=4f97b855:536
tryCatch @ alpinejs.js?v=4f97b855:435
(anonymous) @ alpinejs.js?v=4f97b855:3031
reactiveEffect @ alpinejs.js?v=4f97b855:1825
effect2 @ alpinejs.js?v=4f97b855:1800
effect @ alpinejs.js?v=4f97b855:61
wrappedEffect @ alpinejs.js?v=4f97b855:77
handler2 @ alpinejs.js?v=4f97b855:3031
flushHandlers @ alpinejs.js?v=4f97b855:653
stopDeferring @ alpinejs.js?v=4f97b855:658
deferHandlingDirectives @ alpinejs.js?v=4f97b855:661
initTree @ alpinejs.js?v=4f97b855:859
(anonymous) @ alpinejs.js?v=4f97b855:805
start @ alpinejs.js?v=4f97b855:804
(anonymous) @ app.js:6Understand this error
alpinejs.js?v=4f97b855:456 Uncaught ReferenceError: getMappingCompletionStatus is not defined
    at [Alpine] getMappingCompletionStatus().complete (eval at safeAsyncFunction (http://[::1]:5173/node_modules/.vite/deps/alpinejs.js?v=4f97b855:511:19), <anonymous>:3:16)
    at alpinejs.js?v=4f97b855:536:26
    at tryCatch (alpinejs.js?v=4f97b855:435:12)
    at alpinejs.js?v=4f97b855:3363:17
    at reactiveEffect (alpinejs.js?v=4f97b855:1825:16)
    at Object.effect2 [as effect] (alpinejs.js?v=4f97b855:1800:5)
    at effect (alpinejs.js?v=4f97b855:61:33)
    at wrappedEffect (alpinejs.js?v=4f97b855:77:27)
    at Function.<anonymous> (alpinejs.js?v=4f97b855:3363:3)
    at flushHandlers (alpinejs.js?v=4f97b855:653:46)
[Alpine] getMappingCompletionStatus().complete @ VM8520:3
(anonymous) @ alpinejs.js?v=4f97b855:536
tryCatch @ alpinejs.js?v=4f97b855:435
(anonymous) @ alpinejs.js?v=4f97b855:3363
reactiveEffect @ alpinejs.js?v=4f97b855:1825
effect2 @ alpinejs.js?v=4f97b855:1800
effect @ alpinejs.js?v=4f97b855:61
wrappedEffect @ alpinejs.js?v=4f97b855:77
(anonymous) @ alpinejs.js?v=4f97b855:3363
flushHandlers @ alpinejs.js?v=4f97b855:653
stopDeferring @ alpinejs.js?v=4f97b855:658
deferHandlingDirectives @ alpinejs.js?v=4f97b855:661
initTree @ alpinejs.js?v=4f97b855:859
(anonymous) @ alpinejs.js?v=4f97b855:805
start @ alpinejs.js?v=4f97b855:804
(anonymous) @ app.js:6Understand this error
alpinejs.js?v=4f97b855:456 Uncaught ReferenceError: getMappingCompletionStatus is not defined
    at [Alpine] !getMappingCompletionStatus().complete (eval at safeAsyncFunction (http://[::1]:5173/node_modules/.vite/deps/alpinejs.js?v=4f97b855:511:19), <anonymous>:3:16)
    at alpinejs.js?v=4f97b855:536:26
    at tryCatch (alpinejs.js?v=4f97b855:435:12)
    at alpinejs.js?v=4f97b855:3363:17
    at reactiveEffect (alpinejs.js?v=4f97b855:1825:16)
    at Object.effect2 [as effect] (alpinejs.js?v=4f97b855:1800:5)
    at effect (alpinejs.js?v=4f97b855:61:33)
    at wrappedEffect (alpinejs.js?v=4f97b855:77:27)
    at Function.<anonymous> (alpinejs.js?v=4f97b855:3363:3)
    at flushHandlers (alpinejs.js?v=4f97b855:653:46)
[Alpine] !getMappingCompletionStatus().complete @ VM8521:3
(anonymous) @ alpinejs.js?v=4f97b855:536
tryCatch @ alpinejs.js?v=4f97b855:435
(anonymous) @ alpinejs.js?v=4f97b855:3363
reactiveEffect @ alpinejs.js?v=4f97b855:1825
effect2 @ alpinejs.js?v=4f97b855:1800
effect @ alpinejs.js?v=4f97b855:61
wrappedEffect @ alpinejs.js?v=4f97b855:77
(anonymous) @ alpinejs.js?v=4f97b855:3363
flushHandlers @ alpinejs.js?v=4f97b855:653
stopDeferring @ alpinejs.js?v=4f97b855:658
deferHandlingDirectives @ alpinejs.js?v=4f97b855:661
initTree @ alpinejs.js?v=4f97b855:859
(anonymous) @ alpinejs.js?v=4f97b855:805
start @ alpinejs.js?v=4f97b855:804
(anonymous) @ app.js:6Understand this error
alpinejs.js?v=4f97b855:456 Uncaught ReferenceError: getMappingCompletionStatus is not defined
    at [Alpine] getMappingCompletionStatus().complete ? 'text-green-800' : 'text-yellow-800' (eval at safeAsyncFunction (http://[::1]:5173/node_modules/.vite/deps/alpinejs.js?v=4f97b855:511:19), <anonymous>:3:16)
    at alpinejs.js?v=4f97b855:536:26
    at tryCatch (alpinejs.js?v=4f97b855:435:12)
    at alpinejs.js?v=4f97b855:3031:17
    at reactiveEffect (alpinejs.js?v=4f97b855:1825:16)
    at Object.effect2 [as effect] (alpinejs.js?v=4f97b855:1800:5)
    at effect (alpinejs.js?v=4f97b855:61:33)
    at wrappedEffect (alpinejs.js?v=4f97b855:77:27)
    at handler2 (alpinejs.js?v=4f97b855:3031:3)
    at flushHandlers (alpinejs.js?v=4f97b855:653:46)
[Alpine] getMappingCompletionStatus().complete ? 'text-green-800' : 'text-yellow-800' @ VM8522:3
(anonymous) @ alpinejs.js?v=4f97b855:536
tryCatch @ alpinejs.js?v=4f97b855:435
(anonymous) @ alpinejs.js?v=4f97b855:3031
reactiveEffect @ alpinejs.js?v=4f97b855:1825
effect2 @ alpinejs.js?v=4f97b855:1800
effect @ alpinejs.js?v=4f97b855:61
wrappedEffect @ alpinejs.js?v=4f97b855:77
handler2 @ alpinejs.js?v=4f97b855:3031
flushHandlers @ alpinejs.js?v=4f97b855:653
stopDeferring @ alpinejs.js?v=4f97b855:658
deferHandlingDirectives @ alpinejs.js?v=4f97b855:661
initTree @ alpinejs.js?v=4f97b855:859
(anonymous) @ alpinejs.js?v=4f97b855:805
start @ alpinejs.js?v=4f97b855:804
(anonymous) @ app.js:6Understand this error
alpinejs.js?v=4f97b855:456 Uncaught ReferenceError: getMappingCompletionStatus is not defined
    at [Alpine] getMappingCompletionStatus().message (eval at safeAsyncFunction (http://[::1]:5173/node_modules/.vite/deps/alpinejs.js?v=4f97b855:511:19), <anonymous>:3:16)
    at alpinejs.js?v=4f97b855:536:26
    at tryCatch (alpinejs.js?v=4f97b855:435:12)
    at alpinejs.js?v=4f97b855:2994:5
    at reactiveEffect (alpinejs.js?v=4f97b855:1825:16)
    at Object.effect2 [as effect] (alpinejs.js?v=4f97b855:1800:5)
    at effect (alpinejs.js?v=4f97b855:61:33)
    at wrappedEffect (alpinejs.js?v=4f97b855:77:27)
    at Function.<anonymous> (alpinejs.js?v=4f97b855:2993:3)
    at flushHandlers (alpinejs.js?v=4f97b855:653:46)
[Alpine] getMappingCompletionStatus().message @ VM8523:3
(anonymous) @ alpinejs.js?v=4f97b855:536
tryCatch @ alpinejs.js?v=4f97b855:435
(anonymous) @ alpinejs.js?v=4f97b855:2994
reactiveEffect @ alpinejs.js?v=4f97b855:1825
effect2 @ alpinejs.js?v=4f97b855:1800
effect @ alpinejs.js?v=4f97b855:61
wrappedEffect @ alpinejs.js?v=4f97b855:77
(anonymous) @ alpinejs.js?v=4f97b855:2993
flushHandlers @ alpinejs.js?v=4f97b855:653
stopDeferring @ alpinejs.js?v=4f97b855:658
deferHandlingDirectives @ alpinejs.js?v=4f97b855:661
initTree @ alpinejs.js?v=4f97b855:859
(anonymous) @ alpinejs.js?v=4f97b855:805
start @ alpinejs.js?v=4f97b855:804
(anonymous) @ app.js:6Understand this error
alpinejs.js?v=4f97b855:456 Uncaught ReferenceError: getMappingCompletionStatus is not defined
    at [Alpine] getMappingCompletionStatus().complete ? 'text-green-600' : 'text-yellow-600' (eval at safeAsyncFunction (http://[::1]:5173/node_modules/.vite/deps/alpinejs.js?v=4f97b855:511:19), <anonymous>:3:16)
    at alpinejs.js?v=4f97b855:536:26
    at tryCatch (alpinejs.js?v=4f97b855:435:12)
    at alpinejs.js?v=4f97b855:3031:17
    at reactiveEffect (alpinejs.js?v=4f97b855:1825:16)
    at Object.effect2 [as effect] (alpinejs.js?v=4f97b855:1800:5)
    at effect (alpinejs.js?v=4f97b855:61:33)
    at wrappedEffect (alpinejs.js?v=4f97b855:77:27)
    at handler2 (alpinejs.js?v=4f97b855:3031:3)
    at flushHandlers (alpinejs.js?v=4f97b855:653:46)
[Alpine] getMappingCompletionStatus().complete ? 'text-green-600' : 'text-yellow-600' @ VM8524:3
(anonymous) @ alpinejs.js?v=4f97b855:536
tryCatch @ alpinejs.js?v=4f97b855:435
(anonymous) @ alpinejs.js?v=4f97b855:3031
reactiveEffect @ alpinejs.js?v=4f97b855:1825
effect2 @ alpinejs.js?v=4f97b855:1800
effect @ alpinejs.js?v=4f97b855:61
wrappedEffect @ alpinejs.js?v=4f97b855:77
handler2 @ alpinejs.js?v=4f97b855:3031
flushHandlers @ alpinejs.js?v=4f97b855:653
stopDeferring @ alpinejs.js?v=4f97b855:658
deferHandlingDirectives @ alpinejs.js?v=4f97b855:661
initTree @ alpinejs.js?v=4f97b855:859
(anonymous) @ alpinejs.js?v=4f97b855:805
start @ alpinejs.js?v=4f97b855:804
(anonymous) @ app.js:6Understand this error
alpinejs.js?v=4f97b855:456 Uncaught ReferenceError: getMappingCompletionStatus is not defined
    at [Alpine] 'Mapped COs: ' + getMappingCompletionStatus().mappedCOs + '/' + form.mapping_matrix.length (eval at safeAsyncFunction (http://[::1]:5173/node_modules/.vite/deps/alpinejs.js?v=4f97b855:511:19), <anonymous>:3:16)
    at alpinejs.js?v=4f97b855:536:26
    at tryCatch (alpinejs.js?v=4f97b855:435:12)
    at alpinejs.js?v=4f97b855:2994:5
    at reactiveEffect (alpinejs.js?v=4f97b855:1825:16)
    at Object.effect2 [as effect] (alpinejs.js?v=4f97b855:1800:5)
    at effect (alpinejs.js?v=4f97b855:61:33)
    at wrappedEffect (alpinejs.js?v=4f97b855:77:27)
    at Function.<anonymous> (alpinejs.js?v=4f97b855:2993:3)
    at flushHandlers (alpinejs.js?v=4f97b855:653:46)
[Alpine] 'Mapped COs: ' + getMappingCompletionStatus().mappedCOs + '/' + form.mapping_matrix.length @ VM8525:3
(anonymous) @ alpinejs.js?v=4f97b855:536
tryCatch @ alpinejs.js?v=4f97b855:435
(anonymous) @ alpinejs.js?v=4f97b855:2994
reactiveEffect @ alpinejs.js?v=4f97b855:1825
effect2 @ alpinejs.js?v=4f97b855:1800
effect @ alpinejs.js?v=4f97b855:61
wrappedEffect @ alpinejs.js?v=4f97b855:77
(anonymous) @ alpinejs.js?v=4f97b855:2993
flushHandlers @ alpinejs.js?v=4f97b855:653
stopDeferring @ alpinejs.js?v=4f97b855:658
deferHandlingDirectives @ alpinejs.js?v=4f97b855:661
initTree @ alpinejs.js?v=4f97b855:859
(anonymous) @ alpinejs.js?v=4f97b855:805
start @ alpinejs.js?v=4f97b855:804
(anonymous) @ app.js:6Understand this error
alpinejs.js?v=4f97b855:456 Uncaught ReferenceError: getMappingCompletionStatus is not defined
    at [Alpine] 'Active POs: ' + getMappingCompletionStatus().activePOs + '/7' (eval at safeAsyncFunction (http://[::1]:5173/node_modules/.vite/deps/alpinejs.js?v=4f97b855:511:19), <anonymous>:3:16)
    at alpinejs.js?v=4f97b855:536:26
    at tryCatch (alpinejs.js?v=4f97b855:435:12)
    at alpinejs.js?v=4f97b855:2994:5
    at reactiveEffect (alpinejs.js?v=4f97b855:1825:16)
    at Object.effect2 [as effect] (alpinejs.js?v=4f97b855:1800:5)
    at effect (alpinejs.js?v=4f97b855:61:33)
    at wrappedEffect (alpinejs.js?v=4f97b855:77:27)
    at Function.<anonymous> (alpinejs.js?v=4f97b855:2993:3)
    at flushHandlers (alpinejs.js?v=4f97b855:653:46)
[Alpine] 'Active POs: ' + getMappingCompletionStatus().activePOs + '/7' @ VM8526:3
(anonymous) @ alpinejs.js?v=4f97b855:536
tryCatch @ alpinejs.js?v=4f97b855:435
(anonymous) @ alpinejs.js?v=4f97b855:2994
reactiveEffect @ alpinejs.js?v=4f97b855:1825
effect2 @ alpinejs.js?v=4f97b855:1800
effect @ alpinejs.js?v=4f97b855:61
wrappedEffect @ alpinejs.js?v=4f97b855:77
(anonymous) @ alpinejs.js?v=4f97b855:2993
flushHandlers @ alpinejs.js?v=4f97b855:653
stopDeferring @ alpinejs.js?v=4f97b855:658
deferHandlingDirectives @ alpinejs.js?v=4f97b855:661
initTree @ alpinejs.js?v=4f97b855:859
(anonymous) @ alpinejs.js?v=4f97b855:805
start @ alpinejs.js?v=4f97b855:804
(anonymous) @ app.js:6Understand this error
alpinejs.js?v=4f97b855:456 Uncaught ReferenceError: getMappingCompletionStatus is not defined
    at [Alpine] 'Active PSOs: ' + getMappingCompletionStatus().activePSOs + '/4' (eval at safeAsyncFunction (http://[::1]:5173/node_modules/.vite/deps/alpinejs.js?v=4f97b855:511:19), <anonymous>:3:16)
    at alpinejs.js?v=4f97b855:536:26
    at tryCatch (alpinejs.js?v=4f97b855:435:12)
    at alpinejs.js?v=4f97b855:2994:5
    at reactiveEffect (alpinejs.js?v=4f97b855:1825:16)
    at Object.effect2 [as effect] (alpinejs.js?v=4f97b855:1800:5)
    at effect (alpinejs.js?v=4f97b855:61:33)
    at wrappedEffect (alpinejs.js?v=4f97b855:77:27)
    at Function.<anonymous> (alpinejs.js?v=4f97b855:2993:3)
    at flushHandlers (alpinejs.js?v=4f97b855:653:46)
[Alpine] 'Active PSOs: ' + getMappingCompletionStatus().activePSOs + '/4' @ VM8527:3
(anonymous) @ alpinejs.js?v=4f97b855:536
tryCatch @ alpinejs.js?v=4f97b855:435
(anonymous) @ alpinejs.js?v=4f97b855:2994
reactiveEffect @ alpinejs.js?v=4f97b855:1825
effect2 @ alpinejs.js?v=4f97b855:1800
effect @ alpinejs.js?v=4f97b855:61
wrappedEffect @ alpinejs.js?v=4f97b855:77
(anonymous) @ alpinejs.js?v=4f97b855:2993
flushHandlers @ alpinejs.js?v=4f97b855:653
stopDeferring @ alpinejs.js?v=4f97b855:658
deferHandlingDirectives @ alpinejs.js?v=4f97b855:661
initTree @ alpinejs.js?v=4f97b855:859
(anonymous) @ alpinejs.js?v=4f97b855:805
start @ alpinejs.js?v=4f97b855:804
(anonymous) @ app.js:6Understand this error
alpinejs.js?v=4f97b855:456 Uncaught ReferenceError: currentStep is not defined
    at [Alpine] currentStep === 6 (eval at safeAsyncFunction (alpinejs.js?v=4f97b855:511:19), <anonymous>:3:32)
    at alpinejs.js?v=4f97b855:536:26
    at tryCatch (alpinejs.js?v=4f97b855:435:12)
    at alpinejs.js?v=4f97b855:3127:17
    at reactiveEffect (alpinejs.js?v=4f97b855:1825:16)
    at Object.effect2 [as effect] (alpinejs.js?v=4f97b855:1800:5)
    at effect (alpinejs.js?v=4f97b855:61:33)
    at wrappedEffect (alpinejs.js?v=4f97b855:77:27)
    at Function.<anonymous> (alpinejs.js?v=4f97b855:3127:3)
    at flushHandlers (alpinejs.js?v=4f97b855:653:46)
[Alpine] currentStep === 6 @ VM8528:3
(anonymous) @ alpinejs.js?v=4f97b855:536
tryCatch @ alpinejs.js?v=4f97b855:435
(anonymous) @ alpinejs.js?v=4f97b855:3127
reactiveEffect @ alpinejs.js?v=4f97b855:1825
effect2 @ alpinejs.js?v=4f97b855:1800
effect @ alpinejs.js?v=4f97b855:61
wrappedEffect @ alpinejs.js?v=4f97b855:77
(anonymous) @ alpinejs.js?v=4f97b855:3127
flushHandlers @ alpinejs.js?v=4f97b855:653
stopDeferring @ alpinejs.js?v=4f97b855:658
deferHandlingDirectives @ alpinejs.js?v=4f97b855:661
initTree @ alpinejs.js?v=4f97b855:859
(anonymous) @ alpinejs.js?v=4f97b855:805
start @ alpinejs.js?v=4f97b855:804
(anonymous) @ app.js:6Understand this error
alpinejs.js?v=4f97b855:456 Uncaught ReferenceError: currentStep is not defined
    at [Alpine] currentStep === 7 (eval at safeAsyncFunction (alpinejs.js?v=4f97b855:511:19), <anonymous>:3:32)
    at alpinejs.js?v=4f97b855:536:26
    at tryCatch (alpinejs.js?v=4f97b855:435:12)
    at alpinejs.js?v=4f97b855:3127:17
    at reactiveEffect (alpinejs.js?v=4f97b855:1825:16)
    at Object.effect2 [as effect] (alpinejs.js?v=4f97b855:1800:5)
    at effect (alpinejs.js?v=4f97b855:61:33)
    at wrappedEffect (alpinejs.js?v=4f97b855:77:27)
    at Function.<anonymous> (alpinejs.js?v=4f97b855:3127:3)
    at flushHandlers (alpinejs.js?v=4f97b855:653:46)
[Alpine] currentStep === 7 @ VM8529:3
(anonymous) @ alpinejs.js?v=4f97b855:536
tryCatch @ alpinejs.js?v=4f97b855:435
(anonymous) @ alpinejs.js?v=4f97b855:3127
reactiveEffect @ alpinejs.js?v=4f97b855:1825
effect2 @ alpinejs.js?v=4f97b855:1800
effect @ alpinejs.js?v=4f97b855:61
wrappedEffect @ alpinejs.js?v=4f97b855:77
(anonymous) @ alpinejs.js?v=4f97b855:3127
flushHandlers @ alpinejs.js?v=4f97b855:653
stopDeferring @ alpinejs.js?v=4f97b855:658
deferHandlingDirectives @ alpinejs.js?v=4f97b855:661
initTree @ alpinejs.js?v=4f97b855:859
(anonymous) @ alpinejs.js?v=4f97b855:805
start @ alpinejs.js?v=4f97b855:804
(anonymous) @ app.js:6Understand this error
alpinejs.js?v=4f97b855:456 Uncaught TypeError: Cannot read properties of undefined (reading 'credits')
    at [Alpine] form.teaching_scheme.credits || 0 (eval at safeAsyncFunction (alpinejs.js?v=4f97b855:511:19), <anonymous>:3:53)
    at alpinejs.js?v=4f97b855:536:26
    at tryCatch (alpinejs.js?v=4f97b855:435:12)
    at alpinejs.js?v=4f97b855:2994:5
    at reactiveEffect (alpinejs.js?v=4f97b855:1825:16)
    at Object.effect2 [as effect] (alpinejs.js?v=4f97b855:1800:5)
    at effect (alpinejs.js?v=4f97b855:61:33)
    at wrappedEffect (alpinejs.js?v=4f97b855:77:27)
    at Function.<anonymous> (alpinejs.js?v=4f97b855:2993:3)
    at flushHandlers (alpinejs.js?v=4f97b855:653:46)
[Alpine] form.teaching_scheme.credits || 0 @ VM8534:3
(anonymous) @ alpinejs.js?v=4f97b855:536
tryCatch @ alpinejs.js?v=4f97b855:435
(anonymous) @ alpinejs.js?v=4f97b855:2994
reactiveEffect @ alpinejs.js?v=4f97b855:1825
effect2 @ alpinejs.js?v=4f97b855:1800
effect @ alpinejs.js?v=4f97b855:61
wrappedEffect @ alpinejs.js?v=4f97b855:77
(anonymous) @ alpinejs.js?v=4f97b855:2993
flushHandlers @ alpinejs.js?v=4f97b855:653
stopDeferring @ alpinejs.js?v=4f97b855:658
deferHandlingDirectives @ alpinejs.js?v=4f97b855:661
initTree @ alpinejs.js?v=4f97b855:859
(anonymous) @ alpinejs.js?v=4f97b855:805
start @ alpinejs.js?v=4f97b855:804
(anonymous) @ app.js:6Understand this error
alpinejs.js?v=4f97b855:456 Uncaught TypeError: Cannot read properties of undefined (reading 'hod')
    at [Alpine] form.certification_signatures.hod (eval at safeAsyncFunction (alpinejs.js?v=4f97b855:511:19), <anonymous>:3:62)
    at alpinejs.js?v=4f97b855:536:26
    at tryCatch (alpinejs.js?v=4f97b855:435:12)
    at getValue (alpinejs.js?v=4f97b855:2817:5)
    at alpinejs.js?v=4f97b855:2908:17
    at reactiveEffect (alpinejs.js?v=4f97b855:1825:16)
    at Object.effect2 [as effect] (alpinejs.js?v=4f97b855:1800:5)
    at effect (alpinejs.js?v=4f97b855:61:33)
    at wrappedEffect (alpinejs.js?v=4f97b855:77:27)
    at Function.<anonymous> (alpinejs.js?v=4f97b855:2907:3)
[Alpine] form.certification_signatures.hod @ VM8535:3
(anonymous) @ alpinejs.js?v=4f97b855:536
tryCatch @ alpinejs.js?v=4f97b855:435
getValue @ alpinejs.js?v=4f97b855:2817
(anonymous) @ alpinejs.js?v=4f97b855:2908
reactiveEffect @ alpinejs.js?v=4f97b855:1825
effect2 @ alpinejs.js?v=4f97b855:1800
effect @ alpinejs.js?v=4f97b855:61
wrappedEffect @ alpinejs.js?v=4f97b855:77
(anonymous) @ alpinejs.js?v=4f97b855:2907
flushHandlers @ alpinejs.js?v=4f97b855:653
stopDeferring @ alpinejs.js?v=4f97b855:658
deferHandlingDirectives @ alpinejs.js?v=4f97b855:661
initTree @ alpinejs.js?v=4f97b855:859
(anonymous) @ alpinejs.js?v=4f97b855:805
start @ alpinejs.js?v=4f97b855:804
(anonymous) @ app.js:6Understand this error
alpinejs.js?v=4f97b855:456 Uncaught TypeError: Cannot read properties of undefined (reading 'principal')
    at [Alpine] form.certification_signatures.principal (eval at safeAsyncFunction (alpinejs.js?v=4f97b855:511:19), <anonymous>:3:62)
    at alpinejs.js?v=4f97b855:536:26
    at tryCatch (alpinejs.js?v=4f97b855:435:12)
    at getValue (alpinejs.js?v=4f97b855:2817:5)
    at alpinejs.js?v=4f97b855:2908:17
    at reactiveEffect (alpinejs.js?v=4f97b855:1825:16)
    at Object.effect2 [as effect] (alpinejs.js?v=4f97b855:1800:5)
    at effect (alpinejs.js?v=4f97b855:61:33)
    at wrappedEffect (alpinejs.js?v=4f97b855:77:27)
    at Function.<anonymous> (alpinejs.js?v=4f97b855:2907:3)
[Alpine] form.certification_signatures.principal @ VM8537:3
(anonymous) @ alpinejs.js?v=4f97b855:536
tryCatch @ alpinejs.js?v=4f97b855:435
getValue @ alpinejs.js?v=4f97b855:2817
(anonymous) @ alpinejs.js?v=4f97b855:2908
reactiveEffect @ alpinejs.js?v=4f97b855:1825
effect2 @ alpinejs.js?v=4f97b855:1800
effect @ alpinejs.js?v=4f97b855:61
wrappedEffect @ alpinejs.js?v=4f97b855:77
(anonymous) @ alpinejs.js?v=4f97b855:2907
flushHandlers @ alpinejs.js?v=4f97b855:653
stopDeferring @ alpinejs.js?v=4f97b855:658
deferHandlingDirectives @ alpinejs.js?v=4f97b855:661
initTree @ alpinejs.js?v=4f97b855:859
(anonymous) @ alpinejs.js?v=4f97b855:805
start @ alpinejs.js?v=4f97b855:804
(anonymous) @ app.js:6Understand this error
alpinejs.js?v=4f97b855:456 Uncaught TypeError: Cannot read properties of undefined (reading 'cdc_incharge')
    at [Alpine] form.certification_signatures.cdc_incharge (eval at safeAsyncFunction (alpinejs.js?v=4f97b855:511:19), <anonymous>:3:62)
    at alpinejs.js?v=4f97b855:536:26
    at tryCatch (alpinejs.js?v=4f97b855:435:12)
    at getValue (alpinejs.js?v=4f97b855:2817:5)
    at alpinejs.js?v=4f97b855:2908:17
    at reactiveEffect (alpinejs.js?v=4f97b855:1825:16)
    at Object.effect2 [as effect] (alpinejs.js?v=4f97b855:1800:5)
    at effect (alpinejs.js?v=4f97b855:61:33)
    at wrappedEffect (alpinejs.js?v=4f97b855:77:27)
    at Function.<anonymous> (alpinejs.js?v=4f97b855:2907:3)
[Alpine] form.certification_signatures.cdc_incharge @ VM8539:3
(anonymous) @ alpinejs.js?v=4f97b855:536
tryCatch @ alpinejs.js?v=4f97b855:435
getValue @ alpinejs.js?v=4f97b855:2817
(anonymous) @ alpinejs.js?v=4f97b855:2908
reactiveEffect @ alpinejs.js?v=4f97b855:1825
effect2 @ alpinejs.js?v=4f97b855:1800
effect @ alpinejs.js?v=4f97b855:61
wrappedEffect @ alpinejs.js?v=4f97b855:77
(anonymous) @ alpinejs.js?v=4f97b855:2907
flushHandlers @ alpinejs.js?v=4f97b855:653
stopDeferring @ alpinejs.js?v=4f97b855:658
deferHandlingDirectives @ alpinejs.js?v=4f97b855:661
initTree @ alpinejs.js?v=4f97b855:859
(anonymous) @ alpinejs.js?v=4f97b855:805
start @ alpinejs.js?v=4f97b855:804
(anonymous) @ app.js:6Understand this error
alpinejs.js?v=4f97b855:456 Uncaught TypeError: Cannot read properties of undefined (reading 'length')
    at [Alpine] form.course_outcomes.length (eval at safeAsyncFunction (alpinejs.js?v=4f97b855:511:19), <anonymous>:3:53)
    at alpinejs.js?v=4f97b855:536:26
    at tryCatch (alpinejs.js?v=4f97b855:435:12)
    at alpinejs.js?v=4f97b855:2994:5
    at reactiveEffect (alpinejs.js?v=4f97b855:1825:16)
    at Object.effect2 [as effect] (alpinejs.js?v=4f97b855:1800:5)
    at effect (alpinejs.js?v=4f97b855:61:33)
    at wrappedEffect (alpinejs.js?v=4f97b855:77:27)
    at Function.<anonymous> (alpinejs.js?v=4f97b855:2993:3)
    at flushHandlers (alpinejs.js?v=4f97b855:653:46)
[Alpine] form.course_outcomes.length @ VM8541:3
(anonymous) @ alpinejs.js?v=4f97b855:536
tryCatch @ alpinejs.js?v=4f97b855:435
(anonymous) @ alpinejs.js?v=4f97b855:2994
reactiveEffect @ alpinejs.js?v=4f97b855:1825
effect2 @ alpinejs.js?v=4f97b855:1800
effect @ alpinejs.js?v=4f97b855:61
wrappedEffect @ alpinejs.js?v=4f97b855:77
(anonymous) @ alpinejs.js?v=4f97b855:2993
flushHandlers @ alpinejs.js?v=4f97b855:653
stopDeferring @ alpinejs.js?v=4f97b855:658
deferHandlingDirectives @ alpinejs.js?v=4f97b855:661
initTree @ alpinejs.js?v=4f97b855:859
(anonymous) @ alpinejs.js?v=4f97b855:805
start @ alpinejs.js?v=4f97b855:804
(anonymous) @ app.js:6Understand this error
alpinejs.js?v=4f97b855:456 Uncaught TypeError: Cannot read properties of undefined (reading 'length')
    at [Alpine] form.units.length (eval at safeAsyncFunction (alpinejs.js?v=4f97b855:511:19), <anonymous>:3:43)
    at alpinejs.js?v=4f97b855:536:26
    at tryCatch (alpinejs.js?v=4f97b855:435:12)
    at alpinejs.js?v=4f97b855:2994:5
    at reactiveEffect (alpinejs.js?v=4f97b855:1825:16)
    at Object.effect2 [as effect] (alpinejs.js?v=4f97b855:1800:5)
    at effect (alpinejs.js?v=4f97b855:61:33)
    at wrappedEffect (alpinejs.js?v=4f97b855:77:27)
    at Function.<anonymous> (alpinejs.js?v=4f97b855:2993:3)
    at flushHandlers (alpinejs.js?v=4f97b855:653:46)
[Alpine] form.units.length @ VM8542:3
(anonymous) @ alpinejs.js?v=4f97b855:536
tryCatch @ alpinejs.js?v=4f97b855:435
(anonymous) @ alpinejs.js?v=4f97b855:2994
reactiveEffect @ alpinejs.js?v=4f97b855:1825
effect2 @ alpinejs.js?v=4f97b855:1800
effect @ alpinejs.js?v=4f97b855:61
wrappedEffect @ alpinejs.js?v=4f97b855:77
(anonymous) @ alpinejs.js?v=4f97b855:2993
flushHandlers @ alpinejs.js?v=4f97b855:653
stopDeferring @ alpinejs.js?v=4f97b855:658
deferHandlingDirectives @ alpinejs.js?v=4f97b855:661
initTree @ alpinejs.js?v=4f97b855:859
(anonymous) @ alpinejs.js?v=4f97b855:805
start @ alpinejs.js?v=4f97b855:804
(anonymous) @ app.js:6Understand this error
alpinejs.js?v=4f97b855:456 Uncaught TypeError: Cannot read properties of undefined (reading 'length')
    at [Alpine] form.practical_tasks.length (eval at safeAsyncFunction (alpinejs.js?v=4f97b855:511:19), <anonymous>:3:53)
    at alpinejs.js?v=4f97b855:536:26
    at tryCatch (alpinejs.js?v=4f97b855:435:12)
    at alpinejs.js?v=4f97b855:2994:5
    at reactiveEffect (alpinejs.js?v=4f97b855:1825:16)
    at Object.effect2 [as effect] (alpinejs.js?v=4f97b855:1800:5)
    at effect (alpinejs.js?v=4f97b855:61:33)
    at wrappedEffect (alpinejs.js?v=4f97b855:77:27)
    at Function.<anonymous> (alpinejs.js?v=4f97b855:2993:3)
    at flushHandlers (alpinejs.js?v=4f97b855:653:46)
[Alpine] form.practical_tasks.length @ VM8543:3
(anonymous) @ alpinejs.js?v=4f97b855:536
tryCatch @ alpinejs.js?v=4f97b855:435
(anonymous) @ alpinejs.js?v=4f97b855:2994
reactiveEffect @ alpinejs.js?v=4f97b855:1825
effect2 @ alpinejs.js?v=4f97b855:1800
effect @ alpinejs.js?v=4f97b855:61
wrappedEffect @ alpinejs.js?v=4f97b855:77
(anonymous) @ alpinejs.js?v=4f97b855:2993
flushHandlers @ alpinejs.js?v=4f97b855:653
stopDeferring @ alpinejs.js?v=4f97b855:658
deferHandlingDirectives @ alpinejs.js?v=4f97b855:661
initTree @ alpinejs.js?v=4f97b855:859
(anonymous) @ alpinejs.js?v=4f97b855:805
start @ alpinejs.js?v=4f97b855:804
(anonymous) @ app.js:6Understand this error
alpinejs.js?v=4f97b855:456 Uncaught TypeError: Cannot read properties of undefined (reading 'length')
    at [Alpine] form.books.length (eval at safeAsyncFunction (alpinejs.js?v=4f97b855:511:19), <anonymous>:3:43)
    at alpinejs.js?v=4f97b855:536:26
    at tryCatch (alpinejs.js?v=4f97b855:435:12)
    at alpinejs.js?v=4f97b855:2994:5
    at reactiveEffect (alpinejs.js?v=4f97b855:1825:16)
    at Object.effect2 [as effect] (alpinejs.js?v=4f97b855:1800:5)
    at effect (alpinejs.js?v=4f97b855:61:33)
    at wrappedEffect (alpinejs.js?v=4f97b855:77:27)
    at Function.<anonymous> (alpinejs.js?v=4f97b855:2993:3)
    at flushHandlers (alpinejs.js?v=4f97b855:653:46)
[Alpine] form.books.length @ VM8544:3
(anonymous) @ alpinejs.js?v=4f97b855:536
tryCatch @ alpinejs.js?v=4f97b855:435
(anonymous) @ alpinejs.js?v=4f97b855:2994
reactiveEffect @ alpinejs.js?v=4f97b855:1825
effect2 @ alpinejs.js?v=4f97b855:1800
effect @ alpinejs.js?v=4f97b855:61
wrappedEffect @ alpinejs.js?v=4f97b855:77
(anonymous) @ alpinejs.js?v=4f97b855:2993
flushHandlers @ alpinejs.js?v=4f97b855:653
stopDeferring @ alpinejs.js?v=4f97b855:658
deferHandlingDirectives @ alpinejs.js?v=4f97b855:661
initTree @ alpinejs.js?v=4f97b855:859
(anonymous) @ alpinejs.js?v=4f97b855:805
start @ alpinejs.js?v=4f97b855:804
(anonymous) @ app.js:6Understand this error
alpinejs.js?v=4f97b855:456 Uncaught TypeError: Cannot read properties of undefined (reading 'credits')
    at [Alpine] form.teaching_scheme.credits (eval at safeAsyncFunction (alpinejs.js?v=4f97b855:511:19), <anonymous>:3:53)
    at alpinejs.js?v=4f97b855:536:26
    at tryCatch (alpinejs.js?v=4f97b855:435:12)
    at alpinejs.js?v=4f97b855:2994:5
    at reactiveEffect (alpinejs.js?v=4f97b855:1825:16)
    at Object.effect2 [as effect] (alpinejs.js?v=4f97b855:1800:5)
    at effect (alpinejs.js?v=4f97b855:61:33)
    at wrappedEffect (alpinejs.js?v=4f97b855:77:27)
    at Function.<anonymous> (alpinejs.js?v=4f97b855:2993:3)
    at flushHandlers (alpinejs.js?v=4f97b855:653:46)
[Alpine] form.teaching_scheme.credits @ VM8434:3
(anonymous) @ alpinejs.js?v=4f97b855:536
tryCatch @ alpinejs.js?v=4f97b855:435
(anonymous) @ alpinejs.js?v=4f97b855:2994
reactiveEffect @ alpinejs.js?v=4f97b855:1825
effect2 @ alpinejs.js?v=4f97b855:1800
effect @ alpinejs.js?v=4f97b855:61
wrappedEffect @ alpinejs.js?v=4f97b855:77
(anonymous) @ alpinejs.js?v=4f97b855:2993
flushHandlers @ alpinejs.js?v=4f97b855:653
stopDeferring @ alpinejs.js?v=4f97b855:658
deferHandlingDirectives @ alpinejs.js?v=4f97b855:661
initTree @ alpinejs.js?v=4f97b855:859
(anonymous) @ alpinejs.js?v=4f97b855:805
start @ alpinejs.js?v=4f97b855:804
(anonymous) @ app.js:6Understand this error
alpinejs.js?v=4f97b855:456 Uncaught ReferenceError: calculateTotalMarks is not defined
    at [Alpine] calculateTotalMarks() (eval at safeAsyncFunction (http://[::1]:5173/node_modules/.vite/deps/alpinejs.js?v=4f97b855:511:19), <anonymous>:3:16)
    at alpinejs.js?v=4f97b855:536:26
    at tryCatch (alpinejs.js?v=4f97b855:435:12)
    at alpinejs.js?v=4f97b855:2994:5
    at reactiveEffect (alpinejs.js?v=4f97b855:1825:16)
    at Object.effect2 [as effect] (alpinejs.js?v=4f97b855:1800:5)
    at effect (alpinejs.js?v=4f97b855:61:33)
    at wrappedEffect (alpinejs.js?v=4f97b855:77:27)
    at Function.<anonymous> (alpinejs.js?v=4f97b855:2993:3)
    at flushHandlers (alpinejs.js?v=4f97b855:653:46)
[Alpine] calculateTotalMarks() @ VM8459:3
(anonymous) @ alpinejs.js?v=4f97b855:536
tryCatch @ alpinejs.js?v=4f97b855:435
(anonymous) @ alpinejs.js?v=4f97b855:2994
reactiveEffect @ alpinejs.js?v=4f97b855:1825
effect2 @ alpinejs.js?v=4f97b855:1800
effect @ alpinejs.js?v=4f97b855:61
wrappedEffect @ alpinejs.js?v=4f97b855:77
(anonymous) @ alpinejs.js?v=4f97b855:2993
flushHandlers @ alpinejs.js?v=4f97b855:653
stopDeferring @ alpinejs.js?v=4f97b855:658
deferHandlingDirectives @ alpinejs.js?v=4f97b855:661
initTree @ alpinejs.js?v=4f97b855:859
(anonymous) @ alpinejs.js?v=4f97b855:805
start @ alpinejs.js?v=4f97b855:804
(anonymous) @ app.js:6Understand this error
alpinejs.js?v=4f97b855:456 Uncaught ReferenceError: currentStep is not defined
    at [Alpine] currentStep > 0 (eval at safeAsyncFunction (alpinejs.js?v=4f97b855:511:19), <anonymous>:3:32)
    at alpinejs.js?v=4f97b855:536:26
    at tryCatch (alpinejs.js?v=4f97b855:435:12)
    at alpinejs.js?v=4f97b855:3127:17
    at reactiveEffect (alpinejs.js?v=4f97b855:1825:16)
    at Object.effect2 [as effect] (alpinejs.js?v=4f97b855:1800:5)
    at effect (alpinejs.js?v=4f97b855:61:33)
    at wrappedEffect (alpinejs.js?v=4f97b855:77:27)
    at Function.<anonymous> (alpinejs.js?v=4f97b855:3127:3)
    at flushHandlers (alpinejs.js?v=4f97b855:653:46)
[Alpine] currentStep > 0 @ VM8545:3
(anonymous) @ alpinejs.js?v=4f97b855:536
tryCatch @ alpinejs.js?v=4f97b855:435
(anonymous) @ alpinejs.js?v=4f97b855:3127
reactiveEffect @ alpinejs.js?v=4f97b855:1825
effect2 @ alpinejs.js?v=4f97b855:1800
effect @ alpinejs.js?v=4f97b855:61
wrappedEffect @ alpinejs.js?v=4f97b855:77
(anonymous) @ alpinejs.js?v=4f97b855:3127
flushHandlers @ alpinejs.js?v=4f97b855:653
stopDeferring @ alpinejs.js?v=4f97b855:658
deferHandlingDirectives @ alpinejs.js?v=4f97b855:661
initTree @ alpinejs.js?v=4f97b855:859
(anonymous) @ alpinejs.js?v=4f97b855:805
start @ alpinejs.js?v=4f97b855:804
(anonymous) @ app.js:6Understand this error
alpinejs.js?v=4f97b855:456 Uncaught ReferenceError: currentStep is not defined
    at [Alpine] currentStep === steps.length - 1 ? 'Save Changes' : 'Next' (eval at safeAsyncFunction (alpinejs.js?v=4f97b855:511:19), <anonymous>:3:32)
    at alpinejs.js?v=4f97b855:536:26
    at tryCatch (alpinejs.js?v=4f97b855:435:12)
    at alpinejs.js?v=4f97b855:2994:5
    at reactiveEffect (alpinejs.js?v=4f97b855:1825:16)
    at Object.effect2 [as effect] (alpinejs.js?v=4f97b855:1800:5)
    at effect (alpinejs.js?v=4f97b855:61:33)
    at wrappedEffect (alpinejs.js?v=4f97b855:77:27)
    at Function.<anonymous> (alpinejs.js?v=4f97b855:2993:3)
    at flushHandlers (alpinejs.js?v=4f97b855:653:46)
[Alpine] currentStep === steps.length - 1 ? 'Save Changes' : 'Next' @ VM8548:3
(anonymous) @ alpinejs.js?v=4f97b855:536
tryCatch @ alpinejs.js?v=4f97b855:435
(anonymous) @ alpinejs.js?v=4f97b855:2994
reactiveEffect @ alpinejs.js?v=4f97b855:1825
effect2 @ alpinejs.js?v=4f97b855:1800
effect @ alpinejs.js?v=4f97b855:61
wrappedEffect @ alpinejs.js?v=4f97b855:77
(anonymous) @ alpinejs.js?v=4f97b855:2993
flushHandlers @ alpinejs.js?v=4f97b855:653
stopDeferring @ alpinejs.js?v=4f97b855:658
deferHandlingDirectives @ alpinejs.js?v=4f97b855:661
initTree @ alpinejs.js?v=4f97b855:859
(anonymous) @ alpinejs.js?v=4f97b855:805
start @ alpinejs.js?v=4f97b855:804
(anonymous) @ app.js:6Understand this error
alpinejs.js?v=4f97b855:456 Uncaught TypeError: Cannot read properties of undefined (reading 'credits')
    at [Alpine] form.teaching_scheme.credits (eval at safeAsyncFunction (alpinejs.js?v=4f97b855:511:19), <anonymous>:3:53)
    at alpinejs.js?v=4f97b855:536:26
    at tryCatch (alpinejs.js?v=4f97b855:435:12)
    at alpinejs.js?v=4f97b855:2994:5
    at reactiveEffect (alpinejs.js?v=4f97b855:1825:16)
    at Object.effect2 [as effect] (alpinejs.js?v=4f97b855:1800:5)
    at effect (alpinejs.js?v=4f97b855:61:33)
    at wrappedEffect (alpinejs.js?v=4f97b855:77:27)
    at Function.<anonymous> (alpinejs.js?v=4f97b855:2993:3)
    at flushHandlers (alpinejs.js?v=4f97b855:653:46)
[Alpine] form.teaching_scheme.credits @ VM8434:3
(anonymous) @ alpinejs.js?v=4f97b855:536
tryCatch @ alpinejs.js?v=4f97b855:435
(anonymous) @ alpinejs.js?v=4f97b855:2994
reactiveEffect @ alpinejs.js?v=4f97b855:1825
effect2 @ alpinejs.js?v=4f97b855:1800
effect @ alpinejs.js?v=4f97b855:61
wrappedEffect @ alpinejs.js?v=4f97b855:77
(anonymous) @ alpinejs.js?v=4f97b855:2993
flushHandlers @ alpinejs.js?v=4f97b855:653
stopDeferring @ alpinejs.js?v=4f97b855:658
deferHandlingDirectives @ alpinejs.js?v=4f97b855:661
initTree @ alpinejs.js?v=4f97b855:859
(anonymous) @ alpinejs.js?v=4f97b855:805
start @ alpinejs.js?v=4f97b855:804
(anonymous) @ app.js:6Understand this error
alpinejs.js?v=4f97b855:456 Uncaught ReferenceError: levelInfo is not defined
    at [Alpine] levelInfo.text.replace('Level ', '').replace(' detected', '') (eval at safeAsyncFunction (http://[::1]:5173/node_modules/.vite/deps/alpinejs.js?v=4f97b855:511:19), <anonymous>:3:32)
    at alpinejs.js?v=4f97b855:536:26
    at tryCatch (alpinejs.js?v=4f97b855:435:12)
    at alpinejs.js?v=4f97b855:2994:5
    at reactiveEffect (alpinejs.js?v=4f97b855:1825:16)
    at Object.effect2 [as effect] (alpinejs.js?v=4f97b855:1800:5)
    at effect (alpinejs.js?v=4f97b855:61:33)
    at wrappedEffect (alpinejs.js?v=4f97b855:77:27)
    at Function.<anonymous> (alpinejs.js?v=4f97b855:2993:3)
    at flushHandlers (alpinejs.js?v=4f97b855:653:46)
[Alpine] levelInfo.text.replace('Level ', '').replace(' detected', '') @ VM8553:3
(anonymous) @ alpinejs.js?v=4f97b855:536
tryCatch @ alpinejs.js?v=4f97b855:435
(anonymous) @ alpinejs.js?v=4f97b855:2994
reactiveEffect @ alpinejs.js?v=4f97b855:1825
effect2 @ alpinejs.js?v=4f97b855:1800
effect @ alpinejs.js?v=4f97b855:61
wrappedEffect @ alpinejs.js?v=4f97b855:77
(anonymous) @ alpinejs.js?v=4f97b855:2993
flushHandlers @ alpinejs.js?v=4f97b855:653
stopDeferring @ alpinejs.js?v=4f97b855:658
deferHandlingDirectives @ alpinejs.js?v=4f97b855:661
initTree @ alpinejs.js?v=4f97b855:859
(anonymous) @ alpinejs.js?v=4f97b855:805
start @ alpinejs.js?v=4f97b855:804
(anonymous) @ app.js:6Understand this error
alpinejs.js?v=4f97b855:456 Uncaught TypeError: Cannot read properties of undefined (reading 'sa_pr_max')
    at [Alpine] form.examination_scheme.sa_pr_max + '/' + form.examination_scheme.sa_pr_min (eval at safeAsyncFunction (alpinejs.js?v=4f97b855:511:19), <anonymous>:3:56)
    at alpinejs.js?v=4f97b855:536:26
    at tryCatch (alpinejs.js?v=4f97b855:435:12)
    at alpinejs.js?v=4f97b855:2994:5
    at reactiveEffect (alpinejs.js?v=4f97b855:1825:16)
    at Object.effect2 [as effect] (alpinejs.js?v=4f97b855:1800:5)
    at effect (alpinejs.js?v=4f97b855:61:33)
    at wrappedEffect (alpinejs.js?v=4f97b855:77:27)
    at Function.<anonymous> (alpinejs.js?v=4f97b855:2993:3)
    at flushHandlers (alpinejs.js?v=4f97b855:653:46)
[Alpine] form.examination_scheme.sa_pr_max + '/' + form.examination_scheme.sa_pr_min @ VM8565:3
(anonymous) @ alpinejs.js?v=4f97b855:536
tryCatch @ alpinejs.js?v=4f97b855:435
(anonymous) @ alpinejs.js?v=4f97b855:2994
reactiveEffect @ alpinejs.js?v=4f97b855:1825
effect2 @ alpinejs.js?v=4f97b855:1800
effect @ alpinejs.js?v=4f97b855:61
wrappedEffect @ alpinejs.js?v=4f97b855:77
(anonymous) @ alpinejs.js?v=4f97b855:2993
flushHandlers @ alpinejs.js?v=4f97b855:653
stopDeferring @ alpinejs.js?v=4f97b855:658
deferHandlingDirectives @ alpinejs.js?v=4f97b855:661
initTree @ alpinejs.js?v=4f97b855:859
(anonymous) @ alpinejs.js?v=4f97b855:805
start @ alpinejs.js?v=4f97b855:804
(anonymous) @ app.js:6Understand this error